Component: ARM Compiler 5.06 update 4 (build 422) Tool: armlink [4d35d2]

==============================================================================

Section Cross References

    application.o(i.at_client_test) refers to kservice.o(i.rt_kprintf) for rt_kprintf
    application.o(i.at_client_test) refers to clock.o(i.rt_tick_from_millisecond) for rt_tick_from_millisecond
    application.o(i.at_client_test) refers to at_client.o(i.at_create_resp) for at_create_resp
    application.o(i.at_client_test) refers to at_client.o(i.at_client_get_first) for at_client_get_first
    application.o(i.at_client_test) refers to at_client.o(i.at_obj_exec_cmd) for at_obj_exec_cmd
    application.o(i.at_client_test) refers to at_client.o(i.at_resp_get_line) for at_resp_get_line
    application.o(i.at_client_test) refers to memseta.o(.text) for __aeabi_memclr4
    application.o(i.at_client_test) refers to at_client.o(i.at_resp_parse_line_args) for at_resp_parse_line_args
    application.o(i.at_client_test) refers to at_client.o(i.at_delete_resp) for at_delete_resp
    application.o(i.at_client_test_init) refers to kservice.o(i.rt_kprintf) for rt_kprintf
    application.o(i.at_client_test_init) refers to at_client.o(i.at_client_init) for at_client_init
    application.o(i.main) refers to at_socket.o(i.at_socket) for at_socket
    application.o(i.main) refers to sal_ipaddr.o(i.sal_ipaddr_addr) for sal_ipaddr_addr
    application.o(i.main) refers to at_socket.o(i.at_bind) for at_bind
    application.o(i.main) refers to at_socket.o(i.at_send) for at_send
    application.o(i.main) refers to clock.o(i.rt_tick_from_millisecond) for rt_tick_from_millisecond
    application.o(i.main) refers to thread.o(i.rt_thread_delay) for rt_thread_delay
    application.o(i.main) refers to kservice.o(i.rt_kprintf) for rt_kprintf
    application.o(FSymTab) refers to application.o(.rodata.name) for __fsym___cmd_at_client_test_name
    application.o(FSymTab) refers to application.o(.rodata.name) for __fsym___cmd_at_client_test_desc
    application.o(FSymTab) refers to application.o(i.at_client_test) for at_client_test
    application.o(FSymTab) refers to application.o(.rodata.name) for __fsym___cmd_at_client_init_name
    application.o(FSymTab) refers to application.o(.rodata.name) for __fsym___cmd_at_client_init_desc
    application.o(FSymTab) refers to application.o(i.at_client_test_init) for at_client_test_init
    ledapp.o(i.led_thread_entry) refers to pin.o(i.rt_pin_mode) for rt_pin_mode
    ledapp.o(i.led_thread_entry) refers to pin.o(i.rt_pin_write) for rt_pin_write
    ledapp.o(i.led_thread_entry) refers to thread.o(i.rt_thread_delay) for rt_thread_delay
    ledapp.o(i.led_thread_entry) refers to pin.o(i.rt_pin_read) for rt_pin_read
    board.o(i.SystemClock_Config) refers to stm32l0xx_hal_pwr.o(i.HAL_PWR_EnableBkUpAccess) for HAL_PWR_EnableBkUpAccess
    board.o(i.SystemClock_Config) refers to stm32l0xx_hal_rcc.o(i.HAL_RCC_OscConfig) for HAL_RCC_OscConfig
    board.o(i.SystemClock_Config) refers to stm32l0xx_hal_rcc.o(i.HAL_RCC_ClockConfig) for HAL_RCC_ClockConfig
    board.o(i.SystemClock_Config) refers to stm32l0xx_hal_rcc_ex.o(i.HAL_RCCEx_PeriphCLKConfig) for HAL_RCCEx_PeriphCLKConfig
    board.o(i.SystemClock_Config) refers to stm32l0xx_hal_rcc.o(i.HAL_RCC_GetHCLKFreq) for HAL_RCC_GetHCLKFreq
    board.o(i.SystemClock_Config) refers to uidiv.o(.text) for __aeabi_uidivmod
    board.o(i.SystemClock_Config) refers to stm32l0xx_hal_cortex.o(i.HAL_SYSTICK_Config) for HAL_SYSTICK_Config
    board.o(i.SystemClock_Config) refers to stm32l0xx_hal_cortex.o(i.HAL_SYSTICK_CLKSourceConfig) for HAL_SYSTICK_CLKSourceConfig
    board.o(i.SystemClock_Config) refers to stm32l0xx_hal_cortex.o(i.HAL_NVIC_SetPriority) for HAL_NVIC_SetPriority
    board.o(i.cmd_reset) refers to stm32l0xx_hal_cortex.o(i.HAL_NVIC_SystemReset) for HAL_NVIC_SystemReset
    board.o(i.print_rcc_freq_info) refers to stm32l0xx_hal_rcc.o(i.HAL_RCC_GetSysClockFreq) for HAL_RCC_GetSysClockFreq
    board.o(i.print_rcc_freq_info) refers to kservice.o(i.rt_kprintf) for rt_kprintf
    board.o(i.print_rcc_freq_info) refers to stm32l0xx_hal_rcc.o(i.HAL_RCC_GetHCLKFreq) for HAL_RCC_GetHCLKFreq
    board.o(i.print_rcc_freq_info) refers to stm32l0xx_hal_rcc.o(i.HAL_RCC_GetPCLK1Freq) for HAL_RCC_GetPCLK1Freq
    board.o(i.print_rcc_freq_info) refers to stm32l0xx_hal_rcc.o(i.HAL_RCC_GetPCLK2Freq) for HAL_RCC_GetPCLK2Freq
    board.o(i.rt_hw_board_init) refers to stm32l0xx_hal.o(i.HAL_Init) for HAL_Init
    board.o(i.rt_hw_board_init) refers to board.o(i.SystemClock_Config) for SystemClock_Config
    board.o(i.rt_hw_board_init) refers to drv_usart.o(i.hw_usart_init) for hw_usart_init
    board.o(i.rt_hw_board_init) refers to mem.o(i.rt_system_heap_init) for rt_system_heap_init
    board.o(i.rt_hw_board_init) refers to kservice.o(i.rt_console_set_device) for rt_console_set_device
    board.o(i.rt_hw_board_init) refers to components.o(i.rt_components_board_init) for rt_components_board_init
[...]
    Removing stm32l0xx_hal_cortex.o(i.HAL_NVIC_GetPriority), (60 bytes).
    Removing stm32l0xx_hal_cortex.o(i.HAL_NVIC_SetPendingIRQ), (20 bytes).
    Removing stm32l0xx_hal_crc.o(.rev16_text), (4 bytes).
    Removing stm32l0xx_hal_crc.o(.revsh_text), (4 bytes).
    Removing stm32l0xx_hal_crc_ex.o(.rev16_text), (4 bytes).
    Removing stm32l0xx_hal_crc_ex.o(.revsh_text), (4 bytes).
    Removing stm32l0xx_hal_dma.o(.rev16_text), (4 bytes).
    Removing stm32l0xx_hal_dma.o(.revsh_text), (4 bytes).
    Removing stm32l0xx_hal_dma.o(i.HAL_DMA_Abort), (86 bytes).
    Removing stm32l0xx_hal_dma.o(i.HAL_DMA_Abort_IT), (164 bytes).
    Removing stm32l0xx_hal_dma.o(i.HAL_DMA_DeInit), (500 bytes).
    Removing stm32l0xx_hal_dma.o(i.HAL_DMA_GetError), (4 bytes).
    Removing stm32l0xx_hal_dma.o(i.HAL_DMA_GetState), (6 bytes).
    Removing stm32l0xx_hal_dma.o(i.HAL_DMA_IRQHandler), (612 bytes).
    Removing stm32l0xx_hal_dma.o(i.HAL_DMA_Init), (300 bytes).
    Removing stm32l0xx_hal_dma.o(i.HAL_DMA_PollForTransfer), (604 bytes).
    Removing stm32l0xx_hal_dma.o(i.HAL_DMA_Start), (74 bytes).
    Removing stm32l0xx_hal_dma.o(i.HAL_DMA_Start_IT), (102 bytes).
    Removing stm32l0xx_hal_firewall.o(.rev16_text), (4 bytes).
    Removing stm32l0xx_hal_firewall.o(.revsh_text), (4 bytes).
    Removing stm32l0xx_hal_flash.o(.rev16_text), (4 bytes).
    Removing stm32l0xx_hal_flash.o(.revsh_text), (4 bytes).
    Removing stm32l0xx_hal_flash.o(i.FLASH_SetErrorCode), (144 bytes).
    Removing stm32l0xx_hal_flash.o(i.FLASH_WaitForLastOperation), (116 bytes).
    Removing stm32l0xx_hal_flash.o(i.HAL_FLASH_EndOfOperationCallback), (2 bytes).
    Removing stm32l0xx_hal_flash.o(i.HAL_FLASH_GetError), (12 bytes).
    Removing stm32l0xx_hal_flash.o(i.HAL_FLASH_IRQHandler), (220 bytes).
    Removing stm32l0xx_hal_flash.o(i.HAL_FLASH_Lock), (20 bytes).
    Removing stm32l0xx_hal_flash.o(i.HAL_FLASH_OB_Launch), (32 bytes).
    Removing stm32l0xx_hal_flash.o(i.HAL_FLASH_OB_Lock), (20 bytes).
    Removing stm32l0xx_hal_flash.o(i.HAL_FLASH_OB_Unlock), (60 bytes).
    Removing stm32l0xx_hal_flash.o(i.HAL_FLASH_OperationErrorCallback), (2 bytes).
    Removing stm32l0xx_hal_flash.o(i.HAL_FLASH_Program), (60 bytes).
    Removing stm32l0xx_hal_flash.o(i.HAL_FLASH_Program_IT), (68 bytes).
    Removing stm32l0xx_hal_flash.o(i.HAL_FLASH_Unlock), (60 bytes).
    Removing stm32l0xx_hal_flash.o(.bss), (24 bytes).
    Removing stm32l0xx_hal_flash_ex.o(.rev16_text), (4 bytes).
    Removing stm32l0xx_hal_flash_ex.o(.revsh_text), (4 bytes).
    Removing stm32l0xx_hal_flash_ex.o(i.FLASH_OB_ProtectedSectorsConfig), (176 bytes).
    Removing stm32l0xx_hal_flash_ex.o(i.FLASH_PageErase), (44 bytes).
    Removing stm32l0xx_hal_flash_ex.o(i.HAL_FLASHEx_AdvOBGetConfig), (48 bytes).
    Removing stm32l0xx_hal_flash_ex.o(i.HAL_FLASHEx_AdvOBProgram), (88 bytes).
    Removing stm32l0xx_hal_flash_ex.o(i.HAL_FLASHEx_DATAEEPROM_DisableFixedTimeProgram), (16 bytes).
    Removing stm32l0xx_hal_flash_ex.o(i.HAL_FLASHEx_DATAEEPROM_EnableFixedTimeProgram), (16 bytes).
    Removing stm32l0xx_hal_flash_ex.o(i.HAL_FLASHEx_DATAEEPROM_Erase), (40 bytes).
    Removing stm32l0xx_hal_flash_ex.o(i.HAL_FLASHEx_DATAEEPROM_Lock), (20 bytes).
    Removing stm32l0xx_hal_flash_ex.o(i.HAL_FLASHEx_DATAEEPROM_Program), (84 bytes).
    Removing stm32l0xx_hal_flash_ex.o(i.HAL_FLASHEx_DATAEEPROM_Unlock), (36 bytes).
    Removing stm32l0xx_hal_flash_ex.o(i.HAL_FLASHEx_Erase), (156 bytes).
    Removing stm32l0xx_hal_flash_ex.o(i.HAL_FLASHEx_Erase_IT), (112 bytes).
    Removing stm32l0xx_hal_flash_ex.o(i.HAL_FLASHEx_OBGetConfig), (56 bytes).
    Removing stm32l0xx_hal_flash_ex.o(i.HAL_FLASHEx_OBProgram), (296 bytes).
    Removing stm32l0xx_hal_flash_ex.o(i.HAL_FLASHEx_OB_DeSelectPCROP), (52 bytes).
    Removing stm32l0xx_hal_flash_ex.o(i.HAL_FLASHEx_OB_SelectPCROP), (56 bytes).
    Removing stm32l0xx_hal_flash_ramfunc.o(.rev16_text), (4 bytes).
    Removing stm32l0xx_hal_flash_ramfunc.o(.revsh_text), (4 bytes).
    Removing stm32l0xx_hal_flash_ramfunc.o(i.FLASHRAM_WaitForLastOperation), (232 bytes).
    Removing stm32l0xx_hal_flash_ramfunc.o(i.HAL_FLASHEx_DisableRunPowerDown), (36 bytes).
    Removing stm32l0xx_hal_flash_ramfunc.o(i.HAL_FLASHEx_EnableRunPowerDown), (36 bytes).
    Removing stm32l0xx_hal_flash_ramfunc.o(i.HAL_FLASHEx_EraseParallelPage), (88 bytes).
    Removing stm32l0xx_hal_flash_ramfunc.o(i.HAL_FLASHEx_GetError), (16 bytes).
    Removing stm32l0xx_hal_flash_ramfunc.o(i.HAL_FLASHEx_HalfPageProgram), (84 bytes).
    Removing stm32l0xx_hal_flash_ramfunc.o(i.HAL_FLASHEx_ProgramParallelHalfPage), (136 bytes).
    Removing stm32l0xx_hal_gpio.o(.rev16_text), (4 bytes).
    Removing stm32l0xx_hal_gpio.o(.revsh_text), (4 bytes).
    Removing stm32l0xx_hal_gpio.o(i.HAL_GPIO_DeInit), (244 bytes).
    Removing stm32l0xx_hal_gpio.o(i.HAL_GPIO_EXTI_Callback), (2 bytes).
    Removing stm32l0xx_hal_gpio.o(i.HAL_GPIO_LockPin), (40 bytes).
    Removing stm32l0xx_hal_gpio.o(i.HAL_GPIO_TogglePin), (8 bytes).
    Removing stm32l0xx_hal_i2c.o(.rev16_text), (4 bytes).
    Removing stm32l0xx_hal_i2c.o(.revsh_text), (4 bytes).
    Removing stm32l0xx_hal_i2c.o(i.HAL_I2C_AbortCpltCallback), (2 bytes).
    Removing stm32l0xx_hal_i2c.o(i.HAL_I2C_AddrCallback), (2 bytes).
    Removing stm32l0xx_hal_i2c.o(i.HAL_I2C_DeInit), (52 bytes).
    Removing stm32l0xx_hal_i2c.o(i.HAL_I2C_DisableListen_IT), (48 bytes).
    Removing stm32l0xx_hal_i2c.o(i.HAL_I2C_ER_IRQHandler), (88 bytes).
    Removing stm32l0xx_hal_i2c.o(i.HAL_I2C_EV_IRQHandler), (16 bytes).
    Removing stm32l0xx_hal_i2c.o(i.HAL_I2C_EnableListen_IT), (40 bytes).
    Removing stm32l0xx_hal_i2c.o(i.HAL_I2C_ErrorCallback), (2 bytes).
    Removing stm32l0xx_hal_i2c.o(i.HAL_I2C_GetError), (4 bytes).
    Removing stm32l0xx_hal_i2c.o(i.HAL_I2C_GetMode), (6 bytes).
    Removing stm32l0xx_hal_i2c.o(i.HAL_I2C_GetState), (6 bytes).
    Removing stm32l0xx_hal_i2c.o(i.HAL_I2C_Init), (184 bytes).
    Removing stm32l0xx_hal_i2c.o(i.HAL_I2C_IsDeviceReady), (300 bytes).
    Removing stm32l0xx_hal_i2c.o(i.HAL_I2C_ListenCpltCallback), (2 bytes).
    Removing stm32l0xx_hal_i2c.o(i.HAL_I2C_MasterRxCpltCallback), (2 bytes).
    Removing stm32l0xx_hal_i2c.o(i.HAL_I2C_MasterTxCpltCallback), (2 bytes).
    Removing stm32l0xx_hal_i2c.o(i.HAL_I2C_Master_Abort_IT), (108 bytes).
    Removing stm32l0xx_hal_i2c.o(i.HAL_I2C_Master_Receive), (588 bytes).
    Removing stm32l0xx_hal_i2c.o(i.HAL_I2C_Master_Receive_DMA), (264 bytes).
    Removing stm32l0xx_hal_i2c.o(i.HAL_I2C_Master_Receive_IT), (148 bytes).
    Removing stm32l0xx_hal_i2c.o(i.HAL_I2C_Master_Sequential_Receive_IT), (148 bytes).
    Removing stm32l0xx_hal_i2c.o(i.HAL_I2C_Master_Sequential_Transmit_IT), (148 bytes).
    Removing stm32l0xx_hal_i2c.o(i.HAL_I2C_Master_Transmit), (384 bytes).
    Removing stm32l0xx_hal_i2c.o(i.HAL_I2C_Master_Transmit_DMA), (268 bytes).
    Removing stm32l0xx_hal_i2c.o(i.HAL_I2C_Master_Transmit_IT), (148 bytes).
    Removing stm32l0xx_hal_i2c.o(i.HAL_I2C_MemRxCpltCallback), (2 bytes).
    Removing stm32l0xx_hal_i2c.o(i.HAL_I2C_MemTxCpltCallback), (2 bytes).
    Removing stm32l0xx_hal_i2c.o(i.HAL_I2C_Mem_Read), (436 bytes).
    Removing stm32l0xx_hal_i2c.o(i.HAL_I2C_Mem_Read_DMA), (296 bytes).
    Removing stm32l0xx_hal_i2c.o(i.HAL_I2C_Mem_Read_IT), (232 bytes).
    Removing stm32l0xx_hal_i2c.o(i.HAL_I2C_Mem_Write), (424 bytes).
    Removing stm32l0xx_hal_i2c.o(i.HAL_I2C_Mem_Write_DMA), (284 bytes).
    Removing stm32l0xx_hal_i2c.o(i.HAL_I2C_Mem_Write_IT), (220 bytes).
    Removing stm32l0xx_hal_i2c.o(i.HAL_I2C_MspDeInit), (2 bytes).
    Removing stm32l0xx_hal_i2c.o(i.HAL_I2C_MspInit), (2 bytes).
    Removing stm32l0xx_hal_i2c.o(i.HAL_I2C_SlaveRxCpltCallback), (2 bytes).
    Removing stm32l0xx_hal_i2c.o(i.HAL_I2C_SlaveTxCpltCallback), (2 bytes).
    Removing stm32l0xx_hal_i2c.o(i.HAL_I2C_Slave_Receive), (548 bytes).
    Removing stm32l0xx_hal_i2c.o(i.HAL_I2C_Slave_Receive_DMA), (156 bytes).
    Removing stm32l0xx_hal_i2c.o(i.HAL_I2C_Slave_Receive_IT), (88 bytes).
    Removing stm32l0xx_hal_i2c.o(i.HAL_I2C_Slave_Sequential_Receive_IT), (148 bytes).
    Removing stm32l0xx_hal_i2c.o(i.HAL_I2C_Slave_Sequential_Transmit_IT), (148 bytes).
    Removing stm32l0xx_hal_i2c.o(i.HAL_I2C_Slave_Transmit), (320 bytes).
    Removing stm32l0xx_hal_i2c.o(i.HAL_I2C_Slave_Transmit_DMA), (156 bytes).
    Removing stm32l0xx_hal_i2c.o(i.HAL_I2C_Slave_Transmit_IT), (88 bytes).
    Removing stm32l0xx_hal_i2c.o(i.I2C_DMAAbort), (52 bytes).
    Removing stm32l0xx_hal_i2c.o(i.I2C_DMAError), (24 bytes).
    Removing stm32l0xx_hal_i2c.o(i.I2C_DMAMasterReceiveCplt), (68 bytes).
    Removing stm32l0xx_hal_i2c.o(i.I2C_DMAMasterTransmitCplt), (68 bytes).
    Removing stm32l0xx_hal_i2c.o(i.I2C_DMASlaveReceiveCplt), (2 bytes).
    Removing stm32l0xx_hal_i2c.o(i.I2C_DMASlaveTransmitCplt), (2 bytes).
    Removing stm32l0xx_hal_i2c.o(i.I2C_Disable_IRQ), (88 bytes).
    Removing stm32l0xx_hal_i2c.o(i.I2C_Enable_IRQ), (104 bytes).
    Removing stm32l0xx_hal_i2c.o(i.I2C_ITError), (208 bytes).
    Removing stm32l0xx_hal_i2c.o(i.I2C_ITMasterCplt), (184 bytes).
    Removing stm32l0xx_hal_i2c.o(i.I2C_ITSlaveCplt), (344 bytes).
    Removing stm32l0xx_hal_i2c.o(i.I2C_Master_ISR_DMA), (232 bytes).
    Removing stm32l0xx_hal_i2c.o(i.I2C_Master_ISR_IT), (452 bytes).
    Removing stm32l0xx_hal_i2c.o(i.I2C_RequestMemoryRead), (132 bytes).
    Removing stm32l0xx_hal_i2c.o(i.I2C_RequestMemoryWrite), (136 bytes).
    Removing stm32l0xx_hal_i2c.o(i.I2C_Slave_ISR_DMA), (108 bytes).
    Removing stm32l0xx_hal_i2c.o(i.I2C_Slave_ISR_IT), (620 bytes).
    Removing stm32l0xx_hal_i2c.o(i.I2C_WaitOnFlagUntilTimeout), (90 bytes).
    Removing stm32l0xx_hal_i2c.o(i.I2C_WaitOnSTOPFlagUntilTimeout), (208 bytes).
    Removing stm32l0xx_hal_i2c.o(i.I2C_WaitOnTXISFlagUntilTimeout), (212 bytes).
    Removing stm32l0xx_hal_i2c_ex.o(.rev16_text), (4 bytes).
    Removing stm32l0xx_hal_i2c_ex.o(.revsh_text), (4 bytes).
    Removing stm32l0xx_hal_i2c_ex.o(i.HAL_I2CEx_ConfigAnalogFilter), (78 bytes).
    Removing stm32l0xx_hal_i2c_ex.o(i.HAL_I2CEx_ConfigDigitalFilter), (76 bytes).
    Removing stm32l0xx_hal_i2c_ex.o(i.HAL_I2CEx_DisableFastModePlus), (28 bytes).
    Removing stm32l0xx_hal_i2c_ex.o(i.HAL_I2CEx_DisableWakeUp), (70 bytes).
    Removing stm32l0xx_hal_i2c_ex.o(i.HAL_I2CEx_EnableFastModePlus), (28 bytes).
    Removing stm32l0xx_hal_i2c_ex.o(i.HAL_I2CEx_EnableWakeUp), (70 bytes).
    Removing stm32l0xx_hal_i2s.o(.rev16_text), (4 bytes).
    Removing stm32l0xx_hal_i2s.o(.revsh_text), (4 bytes).
    Removing stm32l0xx_hal_irda.o(.rev16_text), (4 bytes).
    Removing stm32l0xx_hal_irda.o(.revsh_text), (4 bytes).
    Removing stm32l0xx_hal_iwdg.o(.rev16_text), (4 bytes).
    Removing stm32l0xx_hal_iwdg.o(.revsh_text), (4 bytes).
    Removing stm32l0xx_hal_lcd.o(.rev16_text), (4 bytes).
    Removing stm32l0xx_hal_lcd.o(.revsh_text), (4 bytes).
    Removing stm32l0xx_hal_lptim.o(.rev16_text), (4 bytes).
    Removing stm32l0xx_hal_lptim.o(.revsh_text), (4 bytes).
    Removing stm32l0xx_hal_msp_template.o(.rev16_text), (4 bytes).
    Removing stm32l0xx_hal_msp_template.o(.revsh_text), (4 bytes).
    Removing stm32l0xx_hal_msp_template.o(i.HAL_MspDeInit), (2 bytes).
    Removing stm32l0xx_hal_msp_template.o(i.HAL_PPP_MspDeInit), (2 bytes).
    Removing stm32l0xx_hal_msp_template.o(i.HAL_PPP_MspInit), (2 bytes).
    Removing stm32l0xx_hal_pcd.o(.rev16_text), (4 bytes).
    Removing stm32l0xx_hal_pcd.o(.revsh_text), (4 bytes).
    Removing stm32l0xx_hal_pwr.o(.rev16_text), (4 bytes).
    Removing stm32l0xx_hal_pwr.o(.revsh_text), (4 bytes).
    Removing stm32l0xx_hal_pwr.o(i.HAL_PWR_ConfigPVD), (104 bytes).
    Removing stm32l0xx_hal_pwr.o(i.HAL_PWR_DeInit), (24 bytes).
    Removing stm32l0xx_hal_pwr.o(i.HAL_PWR_DisableBkUpAccess), (16 bytes).
    Removing stm32l0xx_hal_pwr.o(i.HAL_PWR_DisablePVD), (16 bytes).
    Removing stm32l0xx_hal_pwr.o(i.HAL_PWR_DisableSEVOnPend), (16 bytes).
    Removing stm32l0xx_hal_pwr.o(i.HAL_PWR_DisableSleepOnExit), (16 bytes).
    Removing stm32l0xx_hal_pwr.o(i.HAL_PWR_DisableWakeUpPin), (16 bytes).
    Removing stm32l0xx_hal_pwr.o(i.HAL_PWR_EnablePVD), (16 bytes).
    Removing stm32l0xx_hal_pwr.o(i.HAL_PWR_EnableSEVOnPend), (16 bytes).
    Removing stm32l0xx_hal_pwr.o(i.HAL_PWR_EnableSleepOnExit), (16 bytes).
    Removing stm32l0xx_hal_pwr.o(i.HAL_PWR_EnableWakeUpPin), (16 bytes).
    Removing stm32l0xx_hal_pwr.o(i.HAL_PWR_EnterSLEEPMode), (48 bytes).
    Removing stm32l0xx_hal_pwr.o(i.HAL_PWR_EnterSTANDBYMode), (32 bytes).
    Removing stm32l0xx_hal_pwr.o(i.HAL_PWR_EnterSTOPMode), (52 bytes).
    Removing stm32l0xx_hal_pwr.o(i.HAL_PWR_PVDCallback), (2 bytes).
    Removing stm32l0xx_hal_pwr.o(i.HAL_PWR_PVD_IRQHandler), (28 bytes).
    Removing stm32l0xx_hal_pwr_ex.o(.rev16_text), (4 bytes).
    Removing stm32l0xx_hal_pwr_ex.o(.revsh_text), (4 bytes).
    Removing stm32l0xx_hal_pwr_ex.o(i.HAL_PWREx_DisableFastWakeUp), (16 bytes).
    Removing stm32l0xx_hal_pwr_ex.o(i.HAL_PWREx_DisableLowPowerRunMode), (76 bytes).
    Removing stm32l0xx_hal_pwr_ex.o(i.HAL_PWREx_DisableUltraLowPower), (16 bytes).
    Removing stm32l0xx_hal_pwr_ex.o(i.HAL_PWREx_EnableFastWakeUp), (16 bytes).
    Removing stm32l0xx_hal_pwr_ex.o(i.HAL_PWREx_EnableLowPowerRunMode), (24 bytes).
    Removing stm32l0xx_hal_pwr_ex.o(i.HAL_PWREx_EnableUltraLowPower), (16 bytes).
    Removing stm32l0xx_hal_pwr_ex.o(i.HAL_PWREx_GetVoltageRange), (16 bytes).
    Removing stm32l0xx_hal_rcc.o(.rev16_text), (4 bytes).
    Removing stm32l0xx_hal_rcc.o(.revsh_text), (4 bytes).
    Removing stm32l0xx_hal_rcc.o(i.HAL_RCC_CSSCallback), (2 bytes).
    Removing stm32l0xx_hal_rcc.o(i.HAL_RCC_DeInit), (112 bytes).
    Removing stm32l0xx_hal_rcc.o(i.HAL_RCC_EnableCSS), (20 bytes).
    Removing stm32l0xx_hal_rcc.o(i.HAL_RCC_GetClockConfig), (64 bytes).
    Removing stm32l0xx_hal_rcc.o(i.HAL_RCC_GetOscConfig), (188 bytes).
    Removing stm32l0xx_hal_rcc.o(i.HAL_RCC_MCOConfig), (144 bytes).
    Removing stm32l0xx_hal_rcc.o(i.HAL_RCC_NMI_IRQHandler), (24 bytes).
    Removing stm32l0xx_hal_rcc_ex.o(.rev16_text), (4 bytes).
    Removing stm32l0xx_hal_rcc_ex.o(.revsh_text), (4 bytes).
    Removing stm32l0xx_hal_rcc_ex.o(i.HAL_RCCEx_DisableLSECSS), (32 bytes).
    Removing stm32l0xx_hal_rcc_ex.o(i.HAL_RCCEx_EnableLSECSS), (20 bytes).
    Removing stm32l0xx_hal_rcc_ex.o(i.HAL_RCCEx_EnableLSECSS_IT), (56 bytes).
    Removing stm32l0xx_hal_rcc_ex.o(i.HAL_RCCEx_GetPeriphCLKConfig), (104 bytes).
    Removing stm32l0xx_hal_rcc_ex.o(i.HAL_RCCEx_LSECSS_Callback), (2 bytes).
    Removing stm32l0xx_hal_rcc_ex.o(i.HAL_RCCEx_LSECSS_IRQHandler), (24 bytes).
    Removing stm32l0xx_hal_rng.o(.rev16_text), (4 bytes).
    Removing stm32l0xx_hal_rng.o(.revsh_text), (4 bytes).
    Removing stm32l0xx_hal_rtc.o(.rev16_text), (4 bytes).
    Removing stm32l0xx_hal_rtc.o(.revsh_text), (4 bytes).
    Removing stm32l0xx_hal_rtc_ex.o(.rev16_text), (4 bytes).
    Removing stm32l0xx_hal_rtc_ex.o(.revsh_text), (4 bytes).
    Removing stm32l0xx_hal_smartcard.o(.rev16_text), (4 bytes).
    Removing stm32l0xx_hal_smartcard.o(.revsh_text), (4 bytes).
    Removing stm32l0xx_hal_smartcard_ex.o(.rev16_text), (4 bytes).
    Removing stm32l0xx_hal_smartcard_ex.o(.revsh_text), (4 bytes).
    Removing stm32l0xx_hal_smbus.o(.rev16_text), (4 bytes).
    Removing stm32l0xx_hal_smbus.o(.revsh_text), (4 bytes).
    Removing stm32l0xx_hal_spi.o(.rev16_text), (4 bytes).
    Removing stm32l0xx_hal_spi.o(.revsh_text), (4 bytes).
    Removing stm32l0xx_hal_spi.o(i.HAL_SPI_DMAPause), (48 bytes).
    Removing stm32l0xx_hal_spi.o(i.HAL_SPI_DMAResume), (46 bytes).
    Removing stm32l0xx_hal_spi.o(i.HAL_SPI_DMAStop), (54 bytes).
    Removing stm32l0xx_hal_spi.o(i.HAL_SPI_DeInit), (48 bytes).
    Removing stm32l0xx_hal_spi.o(i.HAL_SPI_ErrorCallback), (2 bytes).
    Removing stm32l0xx_hal_spi.o(i.HAL_SPI_GetError), (4 bytes).
    Removing stm32l0xx_hal_spi.o(i.HAL_SPI_GetState), (6 bytes).
    Removing stm32l0xx_hal_spi.o(i.HAL_SPI_IRQHandler), (196 bytes).
    Removing stm32l0xx_hal_spi.o(i.HAL_SPI_Init), (132 bytes).
    Removing stm32l0xx_hal_spi.o(i.HAL_SPI_MspDeInit), (2 bytes).
    Removing stm32l0xx_hal_spi.o(i.HAL_SPI_MspInit), (2 bytes).
    Removing stm32l0xx_hal_spi.o(i.HAL_SPI_Receive), (498 bytes).
    Removing stm32l0xx_hal_spi.o(i.HAL_SPI_Receive_DMA), (232 bytes).
    Removing stm32l0xx_hal_spi.o(i.HAL_SPI_Receive_IT), (172 bytes).
    Removing stm32l0xx_hal_spi.o(i.HAL_SPI_RxCpltCallback), (2 bytes).
    Removing stm32l0xx_hal_spi.o(i.HAL_SPI_RxHalfCpltCallback), (2 bytes).
    Removing stm32l0xx_hal_spi.o(i.HAL_SPI_Transmit), (404 bytes).
    Removing stm32l0xx_hal_spi.o(i.HAL_SPI_TransmitReceive), (740 bytes).
    Removing stm32l0xx_hal_spi.o(i.HAL_SPI_TransmitReceive_DMA), (260 bytes).
    Removing stm32l0xx_hal_spi.o(i.HAL_SPI_TransmitReceive_IT), (168 bytes).
    Removing stm32l0xx_hal_spi.o(i.HAL_SPI_Transmit_DMA), (208 bytes).
    Removing stm32l0xx_hal_spi.o(i.HAL_SPI_Transmit_IT), (168 bytes).
    Removing stm32l0xx_hal_spi.o(i.HAL_SPI_TxCpltCallback), (2 bytes).
    Removing stm32l0xx_hal_spi.o(i.HAL_SPI_TxHalfCpltCallback), (2 bytes).
    Removing stm32l0xx_hal_spi.o(i.HAL_SPI_TxRxCpltCallback), (2 bytes).
    Removing stm32l0xx_hal_spi.o(i.HAL_SPI_TxRxHalfCpltCallback), (2 bytes).
    Removing stm32l0xx_hal_spi.o(i.SPI_2LinesRxISR), (50 bytes).
    Removing stm32l0xx_hal_spi.o(i.SPI_DMAError), (30 bytes).
    Removing stm32l0xx_hal_spi.o(i.SPI_DMAHalfReceiveCplt), (10 bytes).
    Removing stm32l0xx_hal_spi.o(i.SPI_DMAHalfTransmitCplt), (10 bytes).
    Removing stm32l0xx_hal_spi.o(i.SPI_DMAHalfTransmitReceiveCplt), (10 bytes).
    Removing stm32l0xx_hal_spi.o(i.SPI_DMAReceiveCplt), (188 bytes).
    Removing stm32l0xx_hal_spi.o(i.SPI_DMATransmitCplt), (112 bytes).
    Removing stm32l0xx_hal_spi.o(i.SPI_DMATransmitReceiveCplt), (194 bytes).
    Removing stm32l0xx_hal_spi.o(i.SPI_RxCloseIRQHandler), (208 bytes).
    Removing stm32l0xx_hal_spi.o(i.SPI_RxISR), (80 bytes).
    Removing stm32l0xx_hal_spi.o(i.SPI_TxISR), (200 bytes).
    Removing stm32l0xx_hal_spi.o(i.SPI_WaitOnFlagUntilTimeout), (196 bytes).
    Removing stm32l0xx_hal_tim.o(.rev16_text), (4 bytes).
    Removing stm32l0xx_hal_tim.o(.revsh_text), (4 bytes).
    Removing stm32l0xx_hal_tim_ex.o(.rev16_text), (4 bytes).
    Removing stm32l0xx_hal_tim_ex.o(.revsh_text), (4 bytes).
    Removing stm32l0xx_hal_uart.o(.rev16_text), (4 bytes).
    Removing stm32l0xx_hal_uart.o(.revsh_text), (4 bytes).
    Removing stm32l0xx_hal_uart.o(i.HAL_HalfDuplex_EnableReceiver), (56 bytes).
    Removing stm32l0xx_hal_uart.o(i.HAL_HalfDuplex_EnableTransmitter), (56 bytes).
    Removing stm32l0xx_hal_uart.o(i.HAL_HalfDuplex_Init), (116 bytes).
    Removing stm32l0xx_hal_uart.o(i.HAL_LIN_Init), (152 bytes).
    Removing stm32l0xx_hal_uart.o(i.HAL_LIN_SendBreak), (42 bytes).
    Removing stm32l0xx_hal_uart.o(i.HAL_MultiProcessor_DisableMuteMode), (46 bytes).
    Removing stm32l0xx_hal_uart.o(i.HAL_MultiProcessor_EnableMuteMode), (46 bytes).
    Removing stm32l0xx_hal_uart.o(i.HAL_MultiProcessor_EnterMuteMode), (12 bytes).
    Removing stm32l0xx_hal_uart.o(i.HAL_MultiProcessor_Init), (142 bytes).
    Removing stm32l0xx_hal_uart.o(i.HAL_UART_Abort), (120 bytes).
    Removing stm32l0xx_hal_uart.o(i.HAL_UART_AbortCpltCallback), (2 bytes).
    Removing stm32l0xx_hal_uart.o(i.HAL_UART_AbortReceive), (80 bytes).
    Removing stm32l0xx_hal_uart.o(i.HAL_UART_AbortReceiveCpltCallback), (2 bytes).
    Removing stm32l0xx_hal_uart.o(i.HAL_UART_AbortReceive_IT), (124 bytes).
    Removing stm32l0xx_hal_uart.o(i.HAL_UART_AbortTransmit), (62 bytes).
    Removing stm32l0xx_hal_uart.o(i.HAL_UART_AbortTransmitCpltCallback), (2 bytes).
    Removing stm32l0xx_hal_uart.o(i.HAL_UART_AbortTransmit_IT), (92 bytes).
    Removing stm32l0xx_hal_uart.o(i.HAL_UART_Abort_IT), (196 bytes).
    Removing stm32l0xx_hal_uart.o(i.HAL_UART_DMAPause), (98 bytes).
    Removing stm32l0xx_hal_uart.o(i.HAL_UART_DMAResume), (90 bytes).
    Removing stm32l0xx_hal_uart.o(i.HAL_UART_DMAStop), (114 bytes).
    Removing stm32l0xx_hal_uart.o(i.HAL_UART_DeInit), (62 bytes).
    Removing stm32l0xx_hal_uart.o(i.HAL_UART_ErrorCallback), (2 bytes).
    Removing stm32l0xx_hal_uart.o(i.HAL_UART_GetError), (4 bytes).
    Removing stm32l0xx_hal_uart.o(i.HAL_UART_GetState), (12 bytes).
    Removing stm32l0xx_hal_uart.o(i.HAL_UART_IRQHandler), (644 bytes).
    Removing stm32l0xx_hal_uart.o(i.HAL_UART_MspDeInit), (2 bytes).
    Removing stm32l0xx_hal_uart.o(i.HAL_UART_MspInit), (2 bytes).
    Removing stm32l0xx_hal_uart.o(i.HAL_UART_Receive), (352 bytes).
    Removing stm32l0xx_hal_uart.o(i.HAL_UART_Receive_DMA), (160 bytes).
    Removing stm32l0xx_hal_uart.o(i.HAL_UART_Receive_IT), (164 bytes).
    Removing stm32l0xx_hal_uart.o(i.HAL_UART_RxCpltCallback), (2 bytes).
    Removing stm32l0xx_hal_uart.o(i.HAL_UART_RxHalfCpltCallback), (2 bytes).
    Removing stm32l0xx_hal_uart.o(i.HAL_UART_Transmit), (300 bytes).
    Removing stm32l0xx_hal_uart.o(i.HAL_UART_Transmit_DMA), (152 bytes).
    Removing stm32l0xx_hal_uart.o(i.HAL_UART_Transmit_IT), (94 bytes).
    Removing stm32l0xx_hal_uart.o(i.HAL_UART_TxCpltCallback), (2 bytes).
    Removing stm32l0xx_hal_uart.o(i.HAL_UART_TxHalfCpltCallback), (2 bytes).
    Removing stm32l0xx_hal_uart.o(i.UART_DMAAbortOnError), (20 bytes).
    Removing stm32l0xx_hal_uart.o(i.UART_DMAError), (96 bytes).
    Removing stm32l0xx_hal_uart.o(i.UART_DMAReceiveCplt), (64 bytes).
    Removing stm32l0xx_hal_uart.o(i.UART_DMARxAbortCallback), (54 bytes).
    Removing stm32l0xx_hal_uart.o(i.UART_DMARxHalfCplt), (10 bytes).
    Removing stm32l0xx_hal_uart.o(i.UART_DMARxOnlyAbortCallback), (28 bytes).
    Removing stm32l0xx_hal_uart.o(i.UART_DMATransmitCplt), (48 bytes).
    Removing stm32l0xx_hal_uart.o(i.UART_DMATxAbortCallback), (54 bytes).
    Removing stm32l0xx_hal_uart.o(i.UART_DMATxHalfCplt), (10 bytes).
    Removing stm32l0xx_hal_uart.o(i.UART_DMATxOnlyAbortCallback), (22 bytes).
    Removing stm32l0xx_hal_uart_ex.o(.rev16_text), (4 bytes).
    Removing stm32l0xx_hal_uart_ex.o(.revsh_text), (4 bytes).
    Removing stm32l0xx_hal_uart_ex.o(i.HAL_MultiProcessorEx_AddressLength_Set), (54 bytes).
    Removing stm32l0xx_hal_uart_ex.o(i.HAL_RS485Ex_Init), (140 bytes).
    Removing stm32l0xx_hal_uart_ex.o(i.HAL_UARTEx_DisableClockStopMode), (44 bytes).
    Removing stm32l0xx_hal_uart_ex.o(i.HAL_UARTEx_DisableStopMode), (42 bytes).
    Removing stm32l0xx_hal_uart_ex.o(i.HAL_UARTEx_EnableClockStopMode), (44 bytes).
    Removing stm32l0xx_hal_uart_ex.o(i.HAL_UARTEx_EnableStopMode), (42 bytes).
    Removing stm32l0xx_hal_uart_ex.o(i.HAL_UARTEx_StopModeWakeUpSourceConfig), (148 bytes).
    Removing stm32l0xx_hal_uart_ex.o(i.HAL_UARTEx_WakeupCallback), (2 bytes).
    Removing stm32l0xx_hal_usart.o(.rev16_text), (4 bytes).
    Removing stm32l0xx_hal_usart.o(.revsh_text), (4 bytes).
    Removing stm32l0xx_hal_wwdg.o(.rev16_text), (4 bytes).
    Removing stm32l0xx_hal_wwdg.o(.revsh_text), (4 bytes).
    Removing stm32l0xx_hal_wwdg.o(i.HAL_WWDG_EarlyWakeupCallback), (2 bytes).
    Removing stm32l0xx_hal_wwdg.o(i.HAL_WWDG_IRQHandler), (34 bytes).
    Removing stm32l0xx_hal_wwdg.o(i.HAL_WWDG_Init), (44 bytes).
    Removing stm32l0xx_hal_wwdg.o(i.HAL_WWDG_MspInit), (2 bytes).
    Removing stm32l0xx_hal_wwdg.o(i.HAL_WWDG_Refresh), (10 bytes).
    Removing stm32l0xx_ll_utils.o(.rev16_text), (4 bytes).
    Removing stm32l0xx_ll_utils.o(.revsh_text), (4 bytes).
    Removing stm32l0xx_ll_utils.o(i.LL_Init1msTick), (32 bytes).
    Removing stm32l0xx_ll_utils.o(i.LL_PLL_ConfigSystemClock_HSE), (124 bytes).
    Removing stm32l0xx_ll_utils.o(i.LL_PLL_ConfigSystemClock_HSI), (108 bytes).
    Removing stm32l0xx_ll_utils.o(i.LL_SetSystemCoreClock), (12 bytes).
    Removing stm32l0xx_ll_utils.o(i.LL_mDelay), (36 bytes).
    Removing stm32l0xx_ll_utils.o(i.UTILS_EnablePLLAndSwitchSystem), (312 bytes).
    Removing startup_stm32l071xx.o(HEAP), (512 bytes).
    Removing clock.o(i.rt_system_tick_init), (2 bytes).
    Removing clock.o(i.rt_tick_set), (24 bytes).
    Removing components.o(i.rt_components_init), (32 bytes).
    Removing components.o(i.rtthread_startup), (100 bytes).
    Removing device.o(i.rt_device_create), (34 bytes).
    Removing device.o(i.rt_device_destroy), (204 bytes).
    Removing device.o(i.rt_device_init), (140 bytes).
    Removing device.o(i.rt_device_init_all), (4 bytes).
    Removing device.o(i.rt_device_set_tx_complete), (128 bytes).
    Removing device.o(i.rt_device_unregister), (188 bytes).
    Removing idle.o(i.rt_thread_idle_delhook), (76 bytes).
    Removing idle.o(i.rt_thread_idle_gethandler), (8 bytes).
    Removing idle.o(i.rt_thread_idle_sethook), (72 bytes).
    Removing ipc.o(i.rt_event_control), (148 bytes).
    Removing ipc.o(i.rt_event_create), (124 bytes).
    Removing ipc.o(i.rt_event_delete), (300 bytes).
    Removing ipc.o(i.rt_event_detach), (200 bytes).
    Removing ipc.o(i.rt_event_init), (72 bytes).
    Removing ipc.o(i.rt_event_recv), (572 bytes).
    Removing ipc.o(i.rt_event_send), (220 bytes).
    Removing ipc.o(i.rt_mb_control), (188 bytes).
    Removing ipc.o(i.rt_mb_create), (168 bytes).
    Removing ipc.o(i.rt_mb_delete), (336 bytes).
    Removing ipc.o(i.rt_mb_detach), (232 bytes).
    Removing ipc.o(i.rt_mb_init), (92 bytes).
    Removing ipc.o(i.rt_mb_recv), (652 bytes).
    Removing ipc.o(i.rt_mb_send), (10 bytes).
    Removing ipc.o(i.rt_mb_send_wait), (616 bytes).
    Removing ipc.o(i.rt_mq_control), (176 bytes).
    Removing ipc.o(i.rt_mq_create), (208 bytes).
    Removing ipc.o(i.rt_mq_delete), (300 bytes).
    Removing ipc.o(i.rt_mq_detach), (192 bytes).
    Removing ipc.o(i.rt_mq_init), (140 bytes).
    Removing ipc.o(i.rt_mq_recv), (696 bytes).
    Removing ipc.o(i.rt_mq_send), (280 bytes).
    Removing ipc.o(i.rt_mq_urgent), (272 bytes).
    Removing ipc.o(i.rt_mutex_control), (80 bytes).
    Removing ipc.o(i.rt_mutex_detach), (200 bytes).
    Removing ipc.o(i.rt_sem_trytake), (10 bytes).
    Removing irq.o(i.rt_interrupt_enter_sethook), (12 bytes).
    Removing irq.o(i.rt_interrupt_leave_sethook), (12 bytes).
    Removing kservice.o(i._rt_errno), (32 bytes).
    Removing kservice.o(i.rt_assert_set_hook), (12 bytes).
    Removing kservice.o(i.rt_free_align), (12 bytes).
    Removing kservice.o(i.rt_get_errno), (32 bytes).
    Removing kservice.o(i.rt_kputs), (64 bytes).
    Removing kservice.o(i.rt_malloc_align), (52 bytes).
    Removing kservice.o(i.rt_memcmp), (68 bytes).
    Removing kservice.o(i.rt_sprintf), (24 bytes).
    Removing kservice.o(i.rt_strcasecmp), (44 bytes).
    Removing kservice.o(i.rt_strnlen), (22 bytes).
    Removing kservice.o(i.rt_strstr), (124 bytes).
    Removing kservice.o(i.rt_vsprintf), (16 bytes).
    Removing mem.o(i.rt_free_sethook), (12 bytes).
    Removing mem.o(i.rt_malloc_sethook), (12 bytes).
    Removing mem.o(i.rt_memory_info), (36 bytes).
    Removing mempool.o(i.rt_mp_alloc), (360 bytes).
    Removing mempool.o(i.rt_mp_alloc_sethook), (12 bytes).
    Removing mempool.o(i.rt_mp_create), (200 bytes).
    Removing mempool.o(i.rt_mp_delete), (344 bytes).
    Removing mempool.o(i.rt_mp_detach), (236 bytes).
    Removing mempool.o(i.rt_mp_free), (88 bytes).
    Removing mempool.o(i.rt_mp_free_sethook), (12 bytes).
    Removing mempool.o(i.rt_mp_init), (140 bytes).
    Removing mempool.o(.constdata), (62 bytes).
    Removing mempool.o(.data), (8 bytes).
    Removing object.o(i.rt_object_attach_sethook), (12 bytes).
    Removing object.o(i.rt_object_detach_sethook), (12 bytes).
    Removing object.o(i.rt_object_find), (204 bytes).
    Removing object.o(i.rt_object_put_sethook), (12 bytes).
    Removing object.o(i.rt_object_take_sethook), (12 bytes).
    Removing object.o(i.rt_object_trytake_sethook), (12 bytes).
    Removing object.o(i.rt_system_object_init), (2 bytes).
    Removing scheduler.o(i.rt_critical_level), (12 bytes).
    Removing scheduler.o(i.rt_scheduler_sethook), (12 bytes).
    Removing thread.o(i.rt_thread_detach), (216 bytes).
    Removing thread.o(i.rt_thread_find), (132 bytes).
    Removing thread.o(i.rt_thread_inited_sethook), (12 bytes).
    Removing thread.o(i.rt_thread_mdelay), (12 bytes).
    Removing thread.o(i.rt_thread_resume_sethook), (12 bytes).
    Removing thread.o(i.rt_thread_suspend_sethook), (12 bytes).
    Removing timer.o(i.rt_timer_create), (48 bytes).
    Removing timer.o(i.rt_timer_delete), (240 bytes).
    Removing timer.o(i.rt_timer_next_timeout_tick), (24 bytes).
    Removing timer.o(i.rt_timer_timeout_sethook), (12 bytes).
    Removing backtrace.o(i.rt_hw_backtrace), (2 bytes).
    Removing div0.o(i.__div0), (2 bytes).
    Removing showmem.o(i.rt_hw_show_memory), (116 bytes).
    Removing showmem.o(.constdata), (18 bytes).
    Removing dfs.o(i.dfs_fdtable_get), (8 bytes).
    Removing dfs_file.o(i.dfs_file_flush), (26 bytes).
    Removing dfs_file.o(i.dfs_file_ioctl), (64 bytes).
    Removing dfs_fs.o(i.dfs_filesystem_get_mounted_path), (60 bytes).
    Removing dfs_fs.o(i.dfs_filesystem_get_partition), (308 bytes).
    Removing dfs_fs.o(i.dfs_statfs), (164 bytes).
    Removing dfs_fs.o(i.dfs_unmount), (152 bytes).
    Removing dfs_posix.o(i.access), (32 bytes).
    Removing dfs_posix.o(i.fcntl), (54 bytes).
    Removing dfs_posix.o(i.fstat), (68 bytes).
    Removing dfs_posix.o(i.fsync), (40 bytes).
    Removing dfs_posix.o(i.ioctl), (20 bytes).
    Removing dfs_posix.o(i.lseek), (104 bytes).
    Removing dfs_posix.o(i.rmdir), (24 bytes).
    Removing dfs_posix.o(i.seekdir), (56 bytes).
    Removing dfs_posix.o(i.stat), (20 bytes).
    Removing dfs_posix.o(i.statfs), (20 bytes).
    Removing dfs_posix.o(i.telldir), (50 bytes).
    Removing poll.o(i.__wqueue_pollwake), (30 bytes).
    Removing poll.o(i._poll_add), (56 bytes).
    Removing poll.o(i.poll), (308 bytes).
    Removing select.o(i.select), (652 bytes).
    Removing select.o(.constdata), (7 bytes).
    Removing pin.o(i.rt_pin_attach_irq), (92 bytes).
    Removing pin.o(i.rt_pin_detach_irq), (76 bytes).
    Removing pin.o(i.rt_pin_irq_enable), (80 bytes).
    Removing dataqueue.o(i.rt_data_queue_reset), (98 bytes).
    Removing pipe.o(i.mkfifo), (24 bytes).
    Removing pipe.o(i.pipe), (132 bytes).
    Removing pipe.o(i.pipe_fops_close), (156 bytes).
    Removing pipe.o(i.pipe_fops_ioctl), (56 bytes).
    Removing pipe.o(i.pipe_fops_open), (120 bytes).
    Removing pipe.o(i.pipe_fops_poll), (160 bytes).
    Removing pipe.o(i.pipe_fops_read), (136 bytes).
    Removing pipe.o(i.pipe_fops_write), (200 bytes).
    Removing pipe.o(i.rt_pipe_close), (52 bytes).
    Removing pipe.o(i.rt_pipe_control), (4 bytes).
    Removing pipe.o(i.rt_pipe_create), (244 bytes).
    Removing pipe.o(i.rt_pipe_delete), (80 bytes).
    Removing pipe.o(i.rt_pipe_open), (54 bytes).
    Removing pipe.o(i.rt_pipe_read), (80 bytes).
    Removing pipe.o(i.rt_pipe_write), (80 bytes).
    Removing pipe.o(.constdata), (66 bytes).
    Removing pipe.o(.data), (4 bytes).
    Removing ringbuffer.o(i.rt_ringbuffer_get), (160 bytes).
    Removing ringbuffer.o(i.rt_ringbuffer_put), (164 bytes).
    Removing ringbuffer.o(i.rt_ringbuffer_putchar), (104 bytes).
    Removing ringbuffer.o(i.rt_ringbuffer_putchar_force), (144 bytes).
    Removing ringbuffer.o(i.rt_ringbuffer_reset), (48 bytes).
    Removing waitqueue.o(i.rt_wqueue_add), (32 bytes).
    Removing waitqueue.o(i.rt_wqueue_remove), (32 bytes).
    Removing workqueue.o(i._workqueue_thread_entry), (136 bytes).
    Removing workqueue.o(i.rt_workqueue_cancel_all_work), (84 bytes).
    Removing workqueue.o(i.rt_workqueue_cancel_work), (116 bytes).
    Removing workqueue.o(i.rt_workqueue_cancel_work_sync), (124 bytes).
    Removing workqueue.o(i.rt_workqueue_create), (100 bytes).
    Removing workqueue.o(i.rt_workqueue_critical_work), (160 bytes).
    Removing workqueue.o(i.rt_workqueue_destroy), (56 bytes).
    Removing workqueue.o(i.rt_workqueue_dowork), (160 bytes).
    Removing workqueue.o(.constdata), (176 bytes).
    Removing shell.o(i.finsh_get_echo), (64 bytes).
    Removing shell.o(i.finsh_get_prompt_mode), (60 bytes).
    Removing shell.o(i.finsh_set_echo), (72 bytes).
    Removing shell.o(i.finsh_set_prompt), (56 bytes).
    Removing shell.o(i.finsh_system_function_init), (20 bytes).
    Removing shell.o(i.finsh_system_var_init), (20 bytes).
    Removing symbol.o(.data), (4 bytes).
    Removing symbol.o(.data), (4 bytes).
    Removing mem_std.o(i.calloc), (8 bytes).
    Removing mem_std.o(i.free), (8 bytes).
    Removing mem_std.o(i.malloc), (8 bytes).
    Removing mem_std.o(i.realloc), (8 bytes).
    Removing stdio.o(i.libc_stdio_get_console), (12 bytes).
    Removing stdio.o(i.libc_stdio_write), (20 bytes).
    Removing stubs.o(i._sys_close), (16 bytes).
    Removing stubs.o(i._sys_command_string), (2 bytes).
    Removing stubs.o(i._sys_exit), (2 bytes).
    Removing stubs.o(i._sys_flen), (6 bytes).
    Removing stubs.o(i._sys_istty), (4 bytes).
    Removing stubs.o(i._sys_open), (136 bytes).
    Removing stubs.o(i._sys_read), (50 bytes).
    Removing stubs.o(i._sys_seek), (20 bytes).
    Removing stubs.o(i._sys_tmpnam), (6 bytes).
    Removing stubs.o(i._sys_write), (50 bytes).
    Removing stubs.o(i._ttywrch), (14 bytes).
    Removing stubs.o(i.fputc), (16 bytes).
    Removing stubs.o(i.remove), (8 bytes).
    Removing stubs.o(i.system), (24 bytes).
    Removing stubs.o(.constdata), (27 bytes).
    Removing time.o(i.clock), (8 bytes).
    Removing time.o(i.gettimeofday), (44 bytes).
    Removing time.o(i.time), (12 bytes).
    Removing at_cli.o(i.at_cli_deinit), (56 bytes).
    Removing at_client.o(i.at_client_obj_recv), (192 bytes).
    Removing at_client.o(i.at_client_obj_send), (128 bytes).
    Removing at_client.o(i.at_client_obj_wait_connect), (332 bytes).
    Removing at_client.o(i.at_obj_set_end_sign), (68 bytes).
    Removing at_client.o(i.at_obj_set_urc_table), (208 bytes).
    Removing at_client.o(i.at_resp_get_line_by_kw), (96 bytes).
    Removing at_client.o(i.at_resp_parse_line_args_by_kw), (176 bytes).
    Removing at_client.o(i.at_resp_set_info), (168 bytes).
    Removing at_socket.o(i.at_recv), (18 bytes).
    Removing at_socket.o(i.at_scoket_device_register), (236 bytes).
    Removing sal_ipaddr.o(i.sal_ip4addr_ntoa), (136 bytes).
    Removing sal_ipaddr.o(i.sal_ip4addr_ntoa_r), (124 bytes).
    Removing sal_ipaddr.o(.bss), (16 bytes).
    Removing sal_socket.o(i.sal_accept), (264 bytes).
    Removing sal_socket.o(i.sal_bind), (72 bytes).
    Removing sal_socket.o(i.sal_closesocket), (80 bytes).
    Removing sal_socket.o(i.sal_connect), (72 bytes).
    Removing sal_socket.o(i.sal_freeaddrinfo), (40 bytes).
    Removing sal_socket.o(i.sal_getaddrinfo), (56 bytes).
    Removing sal_socket.o(i.sal_gethostbyname), (44 bytes).
    Removing sal_socket.o(i.sal_gethostbyname_r), (60 bytes).
    Removing sal_socket.o(i.sal_getpeername), (72 bytes).
    Removing sal_socket.o(i.sal_getsockname), (72 bytes).
    Removing sal_socket.o(i.sal_getsockopt), (72 bytes).
    Removing sal_socket.o(i.sal_ioctlsocket), (72 bytes).
    Removing sal_socket.o(i.sal_listen), (64 bytes).
    Removing sal_socket.o(i.sal_poll), (72 bytes).
    Removing sal_socket.o(i.sal_proto_family_find), (80 bytes).
    Removing sal_socket.o(i.sal_proto_family_unregister), (92 bytes).
    Removing sal_socket.o(i.sal_recvfrom), (84 bytes).
    Removing sal_socket.o(i.sal_sendto), (84 bytes).
    Removing sal_socket.o(i.sal_setsockopt), (72 bytes).
    Removing sal_socket.o(i.sal_shutdown), (80 bytes).
    Removing sal_socket.o(i.sal_socket), (244 bytes).
    Removing sal_socket.o(i.socket_init), (196 bytes).
    Removing sal_socket.o(i.socket_new), (248 bytes).
    Removing sal_socket.o(.constdata), (59 bytes).
    Removing net_netdb.o(i.freeaddrinfo), (8 bytes).
    Removing net_netdb.o(i.getaddrinfo), (8 bytes).
    Removing net_netdb.o(i.gethostbyname), (8 bytes).
    Removing net_netdb.o(i.gethostbyname_r), (20 bytes).
    Removing net_sockets.o(i.accept), (104 bytes).
    Removing net_sockets.o(i.bind), (20 bytes).
    Removing net_sockets.o(i.closesocket), (56 bytes).
    Removing net_sockets.o(i.connect), (20 bytes).
    Removing net_sockets.o(i.getpeername), (20 bytes).
    Removing net_sockets.o(i.getsockname), (20 bytes).
    Removing net_sockets.o(i.getsockopt), (28 bytes).
    Removing net_sockets.o(i.ioctlsocket), (20 bytes).
    Removing net_sockets.o(i.listen), (16 bytes).
    Removing net_sockets.o(i.recv), (34 bytes).
    Removing net_sockets.o(i.recvfrom), (34 bytes).
    Removing net_sockets.o(i.send), (34 bytes).
    Removing net_sockets.o(i.sendto), (34 bytes).
    Removing net_sockets.o(i.setsockopt), (28 bytes).
    Removing net_sockets.o(i.shutdown), (68 bytes).
    Removing net_sockets.o(i.socket), (104 bytes).
    Removing dfs_net.o(i.dfs_net_close), (10 bytes).
    Removing dfs_net.o(i.dfs_net_get_fops), (8 bytes).
    Removing dfs_net.o(i.dfs_net_getsocket), (36 bytes).
    Removing dfs_net.o(i.dfs_net_ioctl), (6 bytes).
    Removing dfs_net.o(i.dfs_net_poll), (8 bytes).
    Removing dfs_net.o(i.dfs_net_read), (20 bytes).
    Removing dfs_net.o(i.dfs_net_write), (20 bytes).
    Removing dfs_net.o(.constdata), (36 bytes).

675 unused section(s) (total 54841 bytes) removed from the image.

==============================================================================

Memory Map of the image

  Image Entry point : 0x00000000

  Load Region LR_IROM1 (Base: 0x08000000, Size: 0x0001233c, Max: 0x00020000, ABSOLUTE)

    Execution Region ER_IROM1 (Base: 0x08000000, Size: 0x000120a0, Max: 0x00020000, ABSOLUTE)

    Base Addr    Size         Type   Attr      Idx    E Section Name        Object

    0x08000000   0x000000c0   Data   RO         3383    RESET               startup_stm32l071xx.o
    0x080000c0   0x00000000   Code   RO         7358  * .ARM.Collect$$$$00000000  mc_p.l(entry.o)
    0x080000c0   0x00000004   Code   RO         7693    .ARM.Collect$$$$00000001  mc_p.l(entry2.o)
    0x080000c4   0x00000004   Code   RO         7696    .ARM.Collect$$$$00000004  mc_p.l(entry5.o)
    0x080000c8   0x00000000   Code   RO         7698    .ARM.Collect$$$$00000008  mc_p.l(entry7b.o)
    0x080000c8   0x00000000   Code   RO         7700    .ARM.Collect$$$$0000000A  mc_p.l(entry8b.o)
    0x080000c8   0x00000008   Code   RO         7701    .ARM.Collect$$$$0000000B  mc_p.l(entry9a.o)
    0x080000d0   0x00000000   Code   RO         7703    .ARM.Collect$$$$0000000D  mc_p.l(entry10a.o)
    0x080000d0   0x00000000   Code   RO         7705    .ARM.Collect$$$$0000000F  mc_p.l(entry11a.o)
    0x080000d0   0x00000004   Code   RO         7694    .ARM.Collect$$$$00002712  mc_p.l(entry2.o)
    0x080000d4   0x0000001c   Code   RO         3384    .text               startup_stm32l071xx.o
    0x080000f0   0x000000d8   Code   RO         4658    .text               context_rvds.o
    0x080001c8   0x0000002c   Code   RO         7364    .text               mc_p.l(uidiv.o)
    0x080001f4   0x00000028   Code   RO         7366    .text               mc_p.l(idiv.o)
    0x0800021c   0x00000060   Code   RO         7368    .text               mc_p.l(uldiv.o)
    0x0800027c   0x0000004c   Code   RO         7370    .text               mc_p.l(ldiv.o)
    0x080002c8   0x0000007a   Code   RO         7372    .text               mc_p.l(llmul.o)
    0x08000342   0x00000002   PAD
    0x08000344   0x00000008   Code   RO         7374    .text               mc_p.l(ctype_o.o)
    0x0800034c   0x00000012   Code   RO         7396    .text               mc_p.l(isspace_o.o)
    0x0800035e   0x00000024   Code   RO         7402    .text               mc_p.l(memcpya.o)
    0x08000382   0x00000024   Code   RO         7404    .text               mc_p.l(memseta.o)
    0x080003a6   0x00000018   Code   RO         7406    .text               mc_p.l(strcat.o)
    0x080003be   0x00000028   Code   RO         7408    .text               mc_p.l(strstr.o)
    0x080003e6   0x0000001a   Code   RO         7410    .text               mc_p.l(strncpy.o)
    0x08000400   0x00000014   Code   RO         7412    .text               mc_p.l(strchr.o)
    0x08000414   0x0000000e   Code   RO         7414    .text               mc_p.l(strlen.o)
    0x08000422   0x0000001c   Code   RO         7416    .text               mc_p.l(strcmp.o)
    0x0800043e   0x0000001a   Code   RO         7418    .text               mc_p.l(memcmp.o)
    0x08000458   0x00000012   Code   RO         7420    .text               mc_p.l(strcpy.o)
    0x0800046a   0x0000001e   Code   RO         7422    .text               mc_p.l(strncmp.o)
    0x08000488   0x00000020   Code   RO         7424    .text               mc_p.l(strrchr.o)
    0x080004a8   0x00000030   Code   RO         7689    .text               mc_p.l(vsscanf.o)
    0x080004d8   0x0000001a   Code   RO         7691    .text               mc_p.l(atoi.o)
    0x080004f2   0x00000020   Code   RO         7708    .text               mc_p.l(llshl.o)
    0x08000512   0x00000022   Code   RO         7710    .text               mc_p.l(llushr.o)
    0x08000534   0x0000014a   Code   RO         7719    .text               mc_p.l(_scanf_longlong.o)
    0x0800067e   0x0000014a   Code   RO         7721    .text               mc_p.l(_scanf_int.o)
    0x080007c8   0x000000e8   Code   RO         7723    .text               mc_p.l(_scanf_str.o)
    0x080008b0   0x0000034c   Code   RO         7725    .text               mc_p.l(scanf_fp.o)
    0x08000bfc   0x0000002c   Code   RO         7729    .text               mc_p.l(scanf_char.o)
    0x08000c28   0x00000044   Code   RO         7731    .text               mc_p.l(_sgetc.o)
    0x08000c6c   0x00000070   Code   RO         7733    .text               mc_p.l(strtol.o)
    0x08000cdc   0x00000000   Code   RO         7735    .text               mc_p.l(iusefp.o)
    0x08000cdc   0x00000164   Code   RO         7736    .text               mf_p.l(dadd.o)
    0x08000e40   0x000000d0   Code   RO         7738    .text               mf_p.l(dmul.o)
    0x08000f10   0x000000f0   Code   RO         7740    .text               mf_p.l(ddiv.o)
    0x08001000   0x00000040   Code   RO         7742    .text               mf_p.l(dfixul.o)
    0x08001040   0x00000028   Code   RO         7744    .text               mf_p.l(cdrcmple.o)
    0x08001068   0x00000024   Code   RO         7746    .text               mc_p.l(init.o)
    0x0800108c   0x00000026   Code   RO         7748    .text               mc_p.l(llsshr.o)
    0x080010b2   0x0000001e   Code   RO         7752    .text               mc_p.l(_chval.o)
    0x080010d0   0x00000338   Code   RO         7754    .text               mc_p.l(_scanf.o)
    0x08001408   0x000000a6   Code   RO         7756    .text               mc_p.l(_strtoul.o)
    0x080014ae   0x000000be   Code   RO         7758    .text               mf_p.l(depilogue.o)
    0x0800156c   0x0000001c   Code   RO         7762    .text               mf_p.l(dfltul.o)
    0x08001588   0x00000038   Code   RO         7764    .text               mf_p.l(d2f.o)
    0x080015c0   0x00000082   Code   RO         7769    .text               mf_p.l(fepilogue.o)
    0x08001642   0x00000002   PAD
    0x08001644   0x00000068   Code   RO         3426    i.$Sub$$main        components.o
    0x080016ac   0x00000018   Code   RO          357    i.EXTI0_1_IRQHandler  stm32l0xx_it.o
    0x080016c4   0x00000018   Code   RO          358    i.EXTI2_3_IRQHandler  stm32l0xx_it.o
    0x080016dc   0x00000064   Code   RO          359    i.EXTI4_15_IRQHandler  stm32l0xx_it.o
    0x08001740   0x0000001c   Code   RO          489    i.GPIOA_CLK_ENABLE  drv_gpio.o
    0x0800175c   0x0000001c   Code   RO          490    i.GPIOB_CLK_ENABLE  drv_gpio.o
    0x08001778   0x0000001c   Code   RO          491    i.GPIOC_CLK_ENABLE  drv_gpio.o
    0x08001794   0x0000001c   Code   RO          492    i.GPIOD_CLK_ENABLE  drv_gpio.o
    0x080017b0   0x0000001c   Code   RO          493    i.GPIOE_CLK_ENABLE  drv_gpio.o
    0x080017cc   0x0000001c   Code   RO          494    i.GPIOH_CLK_ENABLE  drv_gpio.o
    0x080017e8   0x00000002   Code   RO          360    i.HAL_GPIO_EXTI_Callback  stm32l0xx_it.o
    0x080017ea   0x00000002   PAD
    0x080017ec   0x00000018   Code   RO         1538    i.HAL_GPIO_EXTI_IRQHandler  stm32l0xx_hal_gpio.o
    0x08001804   0x00000184   Code   RO         1539    i.HAL_GPIO_Init     stm32l0xx_hal_gpio.o
    0x08001988   0x0000000a   Code   RO         1541    i.HAL_GPIO_ReadPin  stm32l0xx_hal_gpio.o
    0x08001992   0x0000000c   Code   RO         1543    i.HAL_GPIO_WritePin  stm32l0xx_hal_gpio.o
    0x0800199e   0x00000002   PAD
    0x080019a0   0x0000000c   Code   RO          640    i.HAL_GetTick       stm32l0xx_hal.o
    0x080019ac   0x00000010   Code   RO          641    i.HAL_IncTick       stm32l0xx_hal.o
    0x080019bc   0x00000020   Code   RO          642    i.HAL_Init          stm32l0xx_hal.o
    0x080019dc   0x00000028   Code   RO          643    i.HAL_InitTick      stm32l0xx_hal.o
    0x08001a04   0x00000002   Code   RO         2103    i.HAL_MspInit       stm32l0xx_hal_msp_template.o
    0x08001a06   0x00000002   PAD
    0x08001a08   0x00000014   Code   RO         1056    i.HAL_NVIC_DisableIRQ  stm32l0xx_hal_cortex.o
    0x08001a1c   0x00000014   Code   RO         1057    i.HAL_NVIC_EnableIRQ  stm32l0xx_hal_cortex.o
    0x08001a30   0x00000044   Code   RO         1061    i.HAL_NVIC_SetPriority  stm32l0xx_hal_cortex.o
    0x08001a74   0x0000001c   Code   RO         1062    i.HAL_NVIC_SystemReset  stm32l0xx_hal_cortex.o
    0x08001a90   0x00000010   Code   RO         2164    i.HAL_PWR_EnableBkUpAccess  stm32l0xx_hal_pwr.o
    0x08001aa0   0x00000184   Code   RO         2424    i.HAL_RCCEx_GetPeriphCLKFreq  stm32l0xx_hal_rcc_ex.o
    0x08001c24   0x0000018c   Code   RO         2427    i.HAL_RCCEx_PeriphCLKConfig  stm32l0xx_hal_rcc_ex.o
    0x08001db0   0x00000208   Code   RO         2330    i.HAL_RCC_ClockConfig  stm32l0xx_hal_rcc.o
    0x08001fb8   0x0000000c   Code   RO         2334    i.HAL_RCC_GetHCLKFreq  stm32l0xx_hal_rcc.o
    0x08001fc4   0x00000020   Code   RO         2336    i.HAL_RCC_GetPCLK1Freq  stm32l0xx_hal_rcc.o
    0x08001fe4   0x00000020   Code   RO         2337    i.HAL_RCC_GetPCLK2Freq  stm32l0xx_hal_rcc.o
    0x08002004   0x00000084   Code   RO         2338    i.HAL_RCC_GetSysClockFreq  stm32l0xx_hal_rcc.o
    0x08002088   0x000004e8   Code   RO         2341    i.HAL_RCC_OscConfig  stm32l0xx_hal_rcc.o
    0x08002570   0x00000018   Code   RO         1063    i.HAL_SYSTICK_CLKSourceConfig  stm32l0xx_hal_cortex.o
    0x08002588   0x00000002   Code   RO         1064    i.HAL_SYSTICK_Callback  stm32l0xx_hal_cortex.o
    0x0800258a   0x00000002   PAD
    0x0800258c   0x0000003c   Code   RO         1065    i.HAL_SYSTICK_Config  stm32l0xx_hal_cortex.o
    0x080025c8   0x00000008   Code   RO         1066    i.HAL_SYSTICK_IRQHandler  stm32l0xx_hal_cortex.o
    0x080025d0   0x0000006a   Code   RO         2852    i.HAL_UART_Init     stm32l0xx_hal_uart.o
    0x0800263a   0x00000002   PAD
    0x0800263c   0x0000014c   Code   RO          406    i.HAL_UART_MspInit  drv_usart.o
    0x08002788   0x00000034   Code   RO          407    i.LPUART1_IRQHandler  drv_usart.o
    0x080027bc   0x00000018   Code   RO          361    i.SysTick_Handler   stm32l0xx_it.o
    0x080027d4   0x000000ac   Code   RO          302    i.SystemClock_Config  board.o
    0x08002880   0x00000054   Code   RO          590    i.SystemInit        system_stm32l0xx.o
    0x080028d4   0x000000cc   Code   RO         2865    i.UART_AdvFeatureConfig  stm32l0xx_hal_uart.o
    0x080029a0   0x00000060   Code   RO         2866    i.UART_CheckIdleState  stm32l0xx_hal_uart.o
    0x08002a00   0x000002b0   Code   RO         2877    i.UART_SetConfig    stm32l0xx_hal_uart.o
    0x08002cb0   0x00000078   Code   RO         2878    i.UART_WaitOnFlagUntilTimeout  stm32l0xx_hal_uart.o
    0x08002d28   0x00000034   Code   RO          408    i.USART1_IRQHandler  drv_usart.o
    0x08002d5c   0x00000034   Code   RO          409    i.USART2_IRQHandler  drv_usart.o
    0x08002d90   0x00000064   Code   RO          410    i.USART4_5_IRQHandler  drv_usart.o
    0x08002df4   0x00000034   Code   RO         7662    i.__0snprintf       mc_p.l(printfa.o)
    0x08002e28   0x0000002c   Code   RO         7666    i.__0vsnprintf      mc_p.l(printfa.o)
    0x08002e54   0x0000002e   Code   RO         7760    i.__ARM_clz         mf_p.l(depilogue.o)
    0x08002e82   0x00000032   Code   RO         5026    i.__ARM_common_ll_muluu  dfs_fs.o
    0x08002eb4   0x00000016   Code   RO         5982    i.__ARM_common_memcpy1_5  shell.o
    0x08002eca   0x00000002   PAD
    0x08002ecc   0x00000008   Code   RO         7712    i.__aeabi_errno_addr  mc_p.l(errno.o)
    0x08002ed4   0x00000040   Code   RO         3915    i.__rt_ffs          kservice.o
    0x08002f14   0x00000004   Code   RO         5822    i.__wqueue_default_wake  waitqueue.o
    0x08002f18   0x00000174   Code   RO         7668    i._fp_digits        mc_p.l(printfa.o)
    0x0800308c   0x0000000e   Code   RO         7727    i._is_digit         mc_p.l(scanf_fp.o)
    0x0800309a   0x00000002   PAD
    0x0800309c   0x00000040   Code   RO         5369    i._pin_control      pin.o
    0x080030dc   0x00000044   Code   RO         5370    i._pin_read         pin.o
    0x08003120   0x00000044   Code   RO         5371    i._pin_write        pin.o
    0x08003164   0x000006ec   Code   RO         7669    i._printf_core      mc_p.l(printfa.o)
    0x08003850   0x00000020   Code   RO         7670    i._printf_post_padding  mc_p.l(printfa.o)
    0x08003870   0x0000002c   Code   RO         7671    i._printf_pre_padding  mc_p.l(printfa.o)
    0x0800389c   0x000000bc   Code   RO         4421    i._rt_thread_init   thread.o
    0x08003958   0x00000016   Code   RO         7672    i._snputc           mc_p.l(printfa.o)
    0x0800396e   0x00000002   PAD
    0x08003970   0x00000188   Code   RO         6598    i.at                at_cli.o
    0x08003af8   0x00000028   Code   RO         6795    i.at_bind           at_socket.o
    0x08003b20   0x00000070   Code   RO         6600    i.at_cli_init       at_cli.o
    0x08003b90   0x00000030   Code   RO         6601    i.at_client_entry   at_cli.o
    0x08003bc0   0x0000003c   Code   RO         6681    i.at_client_get     at_client.o
    0x08003bfc   0x00000010   Code   RO         6682    i.at_client_get_first  at_client.o
    0x08003c0c   0x000004a0   Code   RO         6683    i.at_client_init    at_client.o
    0x080040ac   0x0000001c   Code   RO         6687    i.at_client_rx_ind  at_client.o
    0x080040c8   0x0000035c   Code   RO            1    i.at_client_test    application.o
    0x08004424   0x00000058   Code   RO            2    i.at_client_test_init  application.o
    0x0800447c   0x00000074   Code   RO         6796    i.at_closed_notice_cb  at_socket.o
    0x080044f0   0x000000cc   Code   RO         6797    i.at_closesocket    at_socket.o
    0x080045bc   0x00000168   Code   RO         6798    i.at_connect        at_socket.o
    0x08004724   0x00000028   Code   RO         7172    i.at_create         af_inet_at.o
    0x0800474c   0x00000090   Code   RO         6688    i.at_create_resp    at_client.o
    0x080047dc   0x0000001c   Code   RO         6689    i.at_delete_resp    at_client.o
    0x080047f8   0x000000c8   Code   RO         6799    i.at_do_event_changes  at_socket.o
    0x080048c0   0x00000014   Code   RO         6800    i.at_freeaddrinfo   at_socket.o
    0x080048d4   0x00000014   Code   RO         6649    i.at_get_last_cmd   at_utils.o
    0x080048e8   0x00000020   Code   RO         6801    i.at_get_socket     at_socket.o
    0x08004908   0x00000254   Code   RO         6802    i.at_getaddrinfo    at_socket.o
    0x08004b5c   0x000001e8   Code   RO         6803    i.at_gethostbyname  at_socket.o
    0x08004d44   0x00000194   Code   RO         6804    i.at_getsockopt     at_socket.o
    0x08004ed8   0x00000010   Code   RO         7173    i.at_inet_init      af_inet_at.o
    0x08004ee8   0x00000170   Code   RO         6690    i.at_obj_exec_cmd   at_client.o
    0x08005058   0x0000005c   Code   RO         7174    i.at_poll           af_inet_at.o
    0x080050b4   0x000000b4   Code   RO         6650    i.at_print_raw_cmd  at_utils.o
    0x08005168   0x0000011c   Code   RO         6806    i.at_recv_notice_cb  at_socket.o
    0x08005284   0x000003b4   Code   RO         6807    i.at_recvfrom       at_socket.o
    0x08005638   0x000000c2   Code   RO         6808    i.at_recvpkt_get    at_socket.o
    0x080056fa   0x00000002   PAD
    0x080056fc   0x000000b4   Code   RO         6693    i.at_resp_get_line  at_client.o
    0x080057b0   0x00000064   Code   RO         6695    i.at_resp_parse_line_args  at_client.o
    0x08005814   0x00000012   Code   RO         6810    i.at_send           at_socket.o
    0x08005826   0x00000002   PAD
    0x08005828   0x00000218   Code   RO         6811    i.at_sendto         at_socket.o
    0x08005a40   0x00000190   Code   RO         6812    i.at_setsockopt     at_socket.o
    0x08005bd0   0x000000b8   Code   RO         6813    i.at_shutdown       at_socket.o
    0x08005c88   0x00000244   Code   RO         6814    i.at_socket         at_socket.o
    0x08005ecc   0x000000d0   Code   RO         6651    i.at_vprintf        at_utils.o
    0x08005f9c   0x00000020   Code   RO         6652    i.at_vprintfln      at_utils.o
    0x08005fbc   0x00000098   Code   RO         4839    i.cat               dfs_file.o
    0x08006054   0x00000118   Code   RO         5033    i.chdir             dfs_posix.o
    0x0800616c   0x000001ac   Code   RO         6602    i.client_cli_parser  at_cli.o
    0x08006318   0x00000040   Code   RO         6603    i.client_getchar_rx_ind  at_cli.o
    0x08006358   0x00000308   Code   RO         6698    i.client_parser     at_client.o
    0x08006660   0x00000040   Code   RO         5034    i.close             dfs_posix.o
    0x080066a0   0x0000004c   Code   RO         5035    i.closedir          dfs_posix.o
    0x080066ec   0x00000064   Code   RO         6190    i.cmd_cat           msh_cmd.o
    0x08006750   0x0000004c   Code   RO         6191    i.cmd_cd            msh_cmd.o
    0x0800679c   0x00000054   Code   RO         6192    i.cmd_cp            msh_cmd.o
    0x080067f0   0x00000054   Code   RO         6193    i.cmd_df            msh_cmd.o
    0x08006844   0x00000090   Code   RO         6194    i.cmd_echo          msh_cmd.o
    0x080068d4   0x0000000a   Code   RO         6195    i.cmd_free          msh_cmd.o
    0x080068de   0x00000002   PAD
    0x080068e0   0x00000018   Code   RO         6196    i.cmd_ls            msh_cmd.o
    0x080068f8   0x0000007c   Code   RO         6197    i.cmd_mkdir         msh_cmd.o
    0x08006974   0x00000088   Code   RO         6198    i.cmd_mkfs          msh_cmd.o
    0x080069fc   0x00000124   Code   RO         6199    i.cmd_mv            msh_cmd.o
    0x08006b20   0x0000000a   Code   RO         6200    i.cmd_ps            msh_cmd.o
    0x08006b2a   0x00000002   PAD
    0x08006b2c   0x00000018   Code   RO         6201    i.cmd_pwd           msh_cmd.o
    0x08006b44   0x0000000a   Code   RO          304    i.cmd_reset         board.o
    0x08006b4e   0x00000002   PAD
    0x08006b50   0x00000068   Code   RO         6202    i.cmd_rm            msh_cmd.o
    0x08006bb8   0x00000004   Code   RO         6203    i.cmd_time          msh_cmd.o
    0x08006bbc   0x00000040   Code   RO         6604    i.console_getchar_rx_ind  at_cli.o
    0x08006bfc   0x0000014c   Code   RO         4840    i.copy              dfs_file.o
    0x08006d48   0x00000144   Code   RO         4841    i.copydir           dfs_file.o
    0x08006e8c   0x00000150   Code   RO         4842    i.copyfile          dfs_file.o
    0x08006fdc   0x00000010   Code   RO         5294    i.devfs_init        devfs.o
    0x08006fec   0x000001bc   Code   RO         4957    i.df                dfs_fs.o
    0x080071a8   0x00000098   Code   RO         5295    i.dfs_device_fs_close  devfs.o
    0x08007240   0x00000090   Code   RO         5296    i.dfs_device_fs_getdents  devfs.o
    0x080072d0   0x00000058   Code   RO         5297    i.dfs_device_fs_ioctl  devfs.o
    0x08007328   0x00000004   Code   RO         5298    i.dfs_device_fs_mount  devfs.o
    0x0800732c   0x000000f4   Code   RO         5299    i.dfs_device_fs_open  devfs.o
    0x08007420   0x00000004   Code   RO         5300    i.dfs_device_fs_poll  devfs.o
    0x08007424   0x00000060   Code   RO         5301    i.dfs_device_fs_read  devfs.o
    0x08007484   0x00000074   Code   RO         5302    i.dfs_device_fs_stat  devfs.o
    0x080074f8   0x00000060   Code   RO         5303    i.dfs_device_fs_write  devfs.o
    0x08007558   0x0000002e   Code   RO         4843    i.dfs_file_close    dfs_file.o
    0x08007586   0x00000020   Code   RO         4845    i.dfs_file_getdents  dfs_file.o
    0x080075a6   0x00000028   Code   RO         4847    i.dfs_file_lseek    dfs_file.o
    0x080075ce   0x00000002   PAD
    0x080075d0   0x000000e0   Code   RO         4848    i.dfs_file_open     dfs_file.o
    0x080076b0   0x00000030   Code   RO         4849    i.dfs_file_read     dfs_file.o
    0x080076e0   0x0000008c   Code   RO         4850    i.dfs_file_rename   dfs_file.o
    0x0800776c   0x000000a4   Code   RO         4851    i.dfs_file_stat     dfs_file.o
    0x08007810   0x0000008c   Code   RO         4852    i.dfs_file_unlink   dfs_file.o
    0x0800789c   0x0000001a   Code   RO         4853    i.dfs_file_write    dfs_file.o
    0x080078b6   0x00000002   PAD
    0x080078b8   0x00000090   Code   RO         4960    i.dfs_filesystem_lookup  dfs_fs.o
    0x08007948   0x000000a0   Code   RO         4697    i.dfs_init          dfs.o
    0x080079e8   0x00000030   Code   RO         4698    i.dfs_lock          dfs.o
    0x08007a18   0x00000098   Code   RO         4961    i.dfs_mkfs          dfs_fs.o
    0x08007ab0   0x0000016c   Code   RO         4962    i.dfs_mount         dfs_fs.o
    0x08007c1c   0x00000138   Code   RO         4699    i.dfs_normalize_path  dfs.o
    0x08007d54   0x00000070   Code   RO         4963    i.dfs_register      dfs_fs.o
    0x08007dc4   0x00000030   Code   RO         4700    i.dfs_subdir        dfs.o
    0x08007df4   0x00000010   Code   RO         4701    i.dfs_unlock        dfs.o
    0x08007e04   0x000000b4   Code   RO          411    i.drv_configure     drv_usart.o
    0x08007eb8   0x00000070   Code   RO          412    i.drv_control       drv_usart.o
    0x08007f28   0x00000040   Code   RO          413    i.drv_getc          drv_usart.o
    0x08007f68   0x0000003c   Code   RO          414    i.drv_putc          drv_usart.o
    0x08007fa4   0x0000006c   Code   RO         4702    i.fd_get            dfs.o
    0x08008010   0x000000c8   Code   RO         4703    i.fd_is_open        dfs.o
    0x080080d8   0x00000100   Code   RO         4704    i.fd_new            dfs.o
    0x080081d8   0x0000008c   Code   RO         4705    i.fd_put            dfs.o
    0x08008264   0x0000001a   Code   RO         6418    i.fgetc             stubs.o
    0x0800827e   0x00000002   PAD
    0x08008280   0x00000084   Code   RO         5916    i.finsh_get_prompt  shell.o
    0x08008304   0x00000048   Code   RO         5920    i.finsh_set_prompt_mode  shell.o
    0x0800834c   0x000000d0   Code   RO         5922    i.finsh_system_init  shell.o
    0x0800841c   0x00000464   Code   RO         5924    i.finsh_thread_entry  shell.o
    0x08008880   0x00000042   Code   RO         6815    i.free_socket       at_socket.o
    0x080088c2   0x00000008   Code   RO         7361    i.getc              mc_p.l(getc.o)
    0x080088ca   0x00000002   PAD
    0x080088cc   0x00000020   Code   RO         5039    i.getcwd            dfs_posix.o
    0x080088ec   0x00000020   Code   RO         6013    i.hello             cmd.o
    0x0800890c   0x00000100   Code   RO          415    i.hw_usart_init     drv_usart.o
    0x08008a0c   0x00000014   Code   RO         6376    i.libc_stdio_read   stdio.o
    0x08008a20   0x00000048   Code   RO         6377    i.libc_stdio_set_console  stdio.o
    0x08008a68   0x00000014   Code   RO         6324    i.libc_system_init  libc.o
    0x08008a7c   0x00000068   Code   RO         6014    i.list              cmd.o
    0x08008ae4   0x000000e8   Code   RO         6015    i.list_device       cmd.o
    0x08008bcc   0x00000144   Code   RO         6016    i.list_event        cmd.o
    0x08008d10   0x0000013c   Code   RO         4706    i.list_fd           dfs.o
    0x08008e4c   0x00000164   Code   RO         6017    i.list_mailbox      cmd.o
    0x08008fb0   0x0000006c   Code   RO         4110    i.list_mem          mem.o
    0x0800901c   0x00000154   Code   RO         6018    i.list_mempool      cmd.o
    0x08009170   0x0000014c   Code   RO         6019    i.list_msgqueue     cmd.o
    0x080092bc   0x000000e8   Code   RO         6020    i.list_mutex        cmd.o
    0x080093a4   0x00000140   Code   RO         6021    i.list_sem          cmd.o
    0x080094e4   0x00000184   Code   RO         6022    i.list_thread       cmd.o
    0x08009668   0x00000124   Code   RO         6023    i.list_timer        cmd.o
    0x0800978c   0x0000013c   Code   RO         4854    i.ls                dfs_file.o
    0x080098c8   0x000000d8   Code   RO            3    i.main              application.o
    0x080099a0   0x00000024   Code   RO         3427    i.main_thread_entry  components.o
    0x080099c4   0x00000060   Code   RO         5042    i.mkdir             dfs_posix.o
    0x08009a24   0x00000008   Code   RO         4966    i.mkfs              dfs_fs.o
    0x08009a2c   0x00000118   Code   RO         6148    i.msh_auto_complete  msh.o
    0x08009b44   0x000001a4   Code   RO         6149    i.msh_auto_complete_path  msh.o
    0x08009ce8   0x00000210   Code   RO         6150    i.msh_exec          msh.o
    0x08009ef8   0x00000140   Code   RO         6312    i.msh_exec_script   msh_file.o
    0x0800a038   0x0000007c   Code   RO         6151    i.msh_help          msh.o
    0x0800a0b4   0x00000004   Code   RO         6152    i.msh_is_used       msh.o
    0x0800a0b8   0x0000003c   Code   RO         6024    i.object_name_maxlen  cmd.o
    0x0800a0f4   0x00000050   Code   RO         5043    i.open              dfs_posix.o
    0x0800a144   0x00000074   Code   RO         5044    i.opendir           dfs_posix.o
    0x0800a1b8   0x000000ec   Code   RO         4111    i.plug_holes        mem.o
    0x0800a2a4   0x0000019c   Code   RO         3917    i.print_number      kservice.o
    0x0800a440   0x000000a0   Code   RO          305    i.print_rcc_freq_info  board.o
    0x0800a4e0   0x00000044   Code   RO         5045    i.read              dfs_posix.o
    0x0800a524   0x0000006c   Code   RO         5046    i.readdir           dfs_posix.o
    0x0800a590   0x00000018   Code   RO         5047    i.rename            dfs_posix.o
    0x0800a5a8   0x00000036   Code   RO         5048    i.rewinddir         dfs_posix.o
    0x0800a5de   0x00000002   PAD
    0x0800a5e0   0x0000009c   Code   RO         4855    i.rm                dfs_file.o
    0x0800a67c   0x00000054   Code   RO         3428    i.rt_application_init  components.o
    0x0800a6d0   0x0000006c   Code   RO         3918    i.rt_assert_handler  kservice.o
    0x0800a73c   0x00000078   Code   RO         4112    i.rt_calloc         mem.o
    0x0800a7b4   0x00000060   Code   RO         5583    i.rt_completion_done  completion.o
    0x0800a814   0x00000040   Code   RO         5584    i.rt_completion_init  completion.o
    0x0800a854   0x00000138   Code   RO         5585    i.rt_completion_wait  completion.o
    0x0800a98c   0x00000020   Code   RO         3429    i.rt_components_board_init  components.o
    0x0800a9ac   0x0000000c   Code   RO         3920    i.rt_console_get_device  kservice.o
    0x0800a9b8   0x0000002c   Code   RO         3921    i.rt_console_set_device  kservice.o
    0x0800a9e4   0x00000060   Code   RO         5608    i.rt_data_queue_init  dataqueue.o
    0x0800aa44   0x00000074   Code   RO         5609    i.rt_data_queue_peak  dataqueue.o
    0x0800aab8   0x000001cc   Code   RO         5610    i.rt_data_queue_pop  dataqueue.o
    0x0800ac84   0x00000170   Code   RO         5611    i.rt_data_queue_push  dataqueue.o
    0x0800adf4   0x000000b0   Code   RO         3493    i.rt_device_close   device.o
    0x0800aea4   0x00000094   Code   RO         3494    i.rt_device_control  device.o
    0x0800af38   0x00000080   Code   RO         3497    i.rt_device_find    device.o
    0x0800afb8   0x0000014c   Code   RO         3500    i.rt_device_open    device.o
    0x0800b104   0x00000044   Code   RO         5372    i.rt_device_pin_register  pin.o
    0x0800b148   0x000000b4   Code   RO         3501    i.rt_device_read    device.o
    0x0800b1fc   0x000000c8   Code   RO         3502    i.rt_device_register  device.o
    0x0800b2c4   0x00000080   Code   RO         3503    i.rt_device_set_rx_indicate  device.o
    0x0800b344   0x000000b4   Code   RO         3506    i.rt_device_write   device.o
    0x0800b3f8   0x00000018   Code   RO         4339    i.rt_enter_critical  scheduler.o
    0x0800b410   0x0000002c   Code   RO         4340    i.rt_exit_critical  scheduler.o
    0x0800b43c   0x000001dc   Code   RO         4113    i.rt_free           mem.o
    0x0800b618   0x00000074   Code   RO          306    i.rt_hw_board_init  board.o
    0x0800b68c   0x00000002   Code   RO         3924    i.rt_hw_console_output  kservice.o
    0x0800b68e   0x00000002   PAD
    0x0800b690   0x000000f4   Code   RO         4634    i.rt_hw_hard_fault_exception  cpuport.o
    0x0800b784   0x00000018   Code   RO          496    i.rt_hw_pin_init    drv_gpio.o
    0x0800b79c   0x00000270   Code   RO         5443    i.rt_hw_serial_isr  serial.o
    0x0800ba0c   0x00000080   Code   RO         5444    i.rt_hw_serial_register  serial.o
    0x0800ba8c   0x0000003c   Code   RO         4635    i.rt_hw_stack_init  cpuport.o
    0x0800bac8   0x00000024   Code   RO         3876    i.rt_interrupt_enter  irq.o
    0x0800baec   0x0000000c   Code   RO         3878    i.rt_interrupt_get_nest  irq.o
    0x0800baf8   0x00000024   Code   RO         3879    i.rt_interrupt_leave  irq.o
    0x0800bb1c   0x00000054   Code   RO         3925    i.rt_kprintf        kservice.o
    0x0800bb70   0x00000214   Code   RO         4115    i.rt_malloc         mem.o
    0x0800bd84   0x000000c2   Code   RO         3929    i.rt_memcpy         kservice.o
    0x0800be46   0x0000006c   Code   RO         3930    i.rt_memmove        kservice.o
    0x0800beb2   0x00000002   PAD
    0x0800beb4   0x000000d0   Code   RO         3931    i.rt_memset         kservice.o
    0x0800bf84   0x00000084   Code   RO         3661    i.rt_mutex_create   ipc.o
    0x0800c008   0x0000012c   Code   RO         3662    i.rt_mutex_delete   ipc.o
    0x0800c134   0x00000054   Code   RO         3664    i.rt_mutex_init     ipc.o
    0x0800c188   0x00000198   Code   RO         3665    i.rt_mutex_release  ipc.o
    0x0800c320   0x00000248   Code   RO         3666    i.rt_mutex_take     ipc.o
    0x0800c568   0x000000e0   Code   RO         4241    i.rt_object_allocate  object.o
    0x0800c648   0x000000a0   Code   RO         4243    i.rt_object_delete  object.o
    0x0800c6e8   0x0000005c   Code   RO         4244    i.rt_object_detach  object.o
    0x0800c744   0x00000040   Code   RO         4247    i.rt_object_get_information  object.o
    0x0800c784   0x00000034   Code   RO         4248    i.rt_object_get_type  object.o
    0x0800c7b8   0x00000074   Code   RO         4249    i.rt_object_init    object.o
    0x0800c82c   0x00000038   Code   RO         4250    i.rt_object_is_systemobject  object.o
    0x0800c864   0x00000048   Code   RO         5376    i.rt_pin_mode       pin.o
    0x0800c8ac   0x00000044   Code   RO         5377    i.rt_pin_read       pin.o
    0x0800c8f0   0x00000048   Code   RO         5378    i.rt_pin_write      pin.o
    0x0800c938   0x00000128   Code   RO         4118    i.rt_realloc        mem.o
    0x0800ca60   0x00000070   Code   RO         5750    i.rt_ringbuffer_create  ringbuffer.o
    0x0800cad0   0x00000040   Code   RO         5751    i.rt_ringbuffer_data_len  ringbuffer.o
    0x0800cb10   0x00000034   Code   RO         5752    i.rt_ringbuffer_destroy  ringbuffer.o
    0x0800cb44   0x00000064   Code   RO         5754    i.rt_ringbuffer_getchar  ringbuffer.o
    0x0800cba8   0x00000054   Code   RO         5755    i.rt_ringbuffer_init  ringbuffer.o
    0x0800cbfc   0x000000c8   Code   RO         5757    i.rt_ringbuffer_put_force  ringbuffer.o
    0x0800ccc4   0x00000130   Code   RO         4341    i.rt_schedule       scheduler.o
    0x0800cdf4   0x00000070   Code   RO         4342    i.rt_schedule_insert_thread  scheduler.o
    0x0800ce64   0x00000070   Code   RO         4343    i.rt_schedule_remove_thread  scheduler.o
    0x0800ced4   0x00000094   Code   RO         3667    i.rt_sem_control    ipc.o
    0x0800cf68   0x0000007c   Code   RO         3668    i.rt_sem_create     ipc.o
    0x0800cfe4   0x0000011c   Code   RO         3669    i.rt_sem_delete     ipc.o
    0x0800d100   0x000000b4   Code   RO         3670    i.rt_sem_detach     ipc.o
    0x0800d1b4   0x00000044   Code   RO         3671    i.rt_sem_init       ipc.o
    0x0800d1f8   0x00000084   Code   RO         3672    i.rt_sem_release    ipc.o
    0x0800d27c   0x000001d8   Code   RO         3673    i.rt_sem_take       ipc.o
    0x0800d454   0x0000016c   Code   RO         5445    i.rt_serial_close   serial.o
    0x0800d5c0   0x000000fc   Code   RO         5446    i.rt_serial_control  serial.o
    0x0800d6bc   0x00000048   Code   RO         5447    i.rt_serial_init    serial.o
    0x0800d704   0x00000244   Code   RO         5448    i.rt_serial_open    serial.o
    0x0800d948   0x0000035c   Code   RO         5449    i.rt_serial_read    serial.o
    0x0800dca4   0x00000128   Code   RO         5450    i.rt_serial_write   serial.o
    0x0800ddcc   0x00000024   Code   RO         3932    i.rt_set_errno      kservice.o
    0x0800ddf0   0x000000b0   Code   RO         3933    i.rt_show_version   kservice.o
    0x0800dea0   0x00000014   Code   RO         3934    i.rt_snprintf       kservice.o
    0x0800deb4   0x0000001a   Code   RO         3937    i.rt_strcmp         kservice.o
    0x0800dece   0x0000002e   Code   RO         3938    i.rt_strdup         kservice.o
    0x0800defc   0x00000010   Code   RO         3939    i.rt_strlen         kservice.o
    0x0800df0c   0x00000026   Code   RO         3940    i.rt_strncmp        kservice.o
    0x0800df32   0x00000002   PAD
    0x0800df34   0x00000060   Code   RO         3941    i.rt_strncpy        kservice.o
    0x0800df94   0x00000104   Code   RO         4119    i.rt_system_heap_init  mem.o
    0x0800e098   0x00000038   Code   RO         4345    i.rt_system_scheduler_init  scheduler.o
    0x0800e0d0   0x00000028   Code   RO         4346    i.rt_system_scheduler_start  scheduler.o
    0x0800e0f8   0x0000000c   Code   RO         4549    i.rt_system_timer_init  timer.o
    0x0800e104   0x00000002   Code   RO         4550    i.rt_system_timer_thread_init  timer.o
    0x0800e106   0x00000002   PAD
    0x0800e108   0x00000120   Code   RO         4422    i.rt_thread_control  thread.o
    0x0800e228   0x00000046   Code   RO         4423    i.rt_thread_create  thread.o
    0x0800e26e   0x00000008   Code   RO         4424    i.rt_thread_delay   thread.o
    0x0800e276   0x00000002   PAD
    0x0800e278   0x000000c8   Code   RO         4425    i.rt_thread_delete  thread.o
    0x0800e340   0x0000005c   Code   RO         4427    i.rt_thread_exit    thread.o
    0x0800e39c   0x000000c8   Code   RO         3591    i.rt_thread_idle_entry  idle.o
    0x0800e464   0x000000d8   Code   RO         3592    i.rt_thread_idle_excute  idle.o
    0x0800e53c   0x00000040   Code   RO         3594    i.rt_thread_idle_init  idle.o
    0x0800e57c   0x00000078   Code   RO         4429    i.rt_thread_init    thread.o
    0x0800e5f4   0x0000009c   Code   RO         4432    i.rt_thread_resume  thread.o
    0x0800e690   0x0000000c   Code   RO         4434    i.rt_thread_self    thread.o
    0x0800e69c   0x000000dc   Code   RO         4435    i.rt_thread_sleep   thread.o
    0x0800e778   0x0000011c   Code   RO         4436    i.rt_thread_startup  thread.o
    0x0800e894   0x00000084   Code   RO         4437    i.rt_thread_suspend  thread.o
    0x0800e918   0x000000c4   Code   RO         4439    i.rt_thread_timeout  thread.o
    0x0800e9dc   0x0000005c   Code   RO         4440    i.rt_thread_yield   thread.o
    0x0800ea38   0x00000020   Code   RO         3389    i.rt_tick_from_millisecond  clock.o
    0x0800ea58   0x0000000c   Code   RO         3390    i.rt_tick_get       clock.o
    0x0800ea64   0x00000028   Code   RO         3391    i.rt_tick_increase  clock.o
    0x0800ea8c   0x00000088   Code   RO         4551    i.rt_timer_check    timer.o
    0x0800eb14   0x000000b4   Code   RO         4552    i.rt_timer_control  timer.o
    0x0800ebc8   0x000000e0   Code   RO         4555    i.rt_timer_detach   timer.o
    0x0800eca8   0x00000058   Code   RO         4556    i.rt_timer_init     timer.o
    0x0800ed00   0x0000016c   Code   RO         4558    i.rt_timer_start    timer.o
    0x0800ee6c   0x000000c0   Code   RO         4559    i.rt_timer_stop     timer.o
    0x0800ef2c   0x00000318   Code   RO         3944    i.rt_vsnprintf      kservice.o
    0x0800f244   0x00000118   Code   RO         5825    i.rt_wqueue_wait    waitqueue.o
    0x0800f35c   0x00000060   Code   RO         5826    i.rt_wqueue_wakeup  waitqueue.o
    0x0800f3bc   0x00000004   Code   RO         3431    i.rti_board_end     components.o
    0x0800f3c0   0x00000004   Code   RO         3432    i.rti_board_start   components.o
    0x0800f3c4   0x00000004   Code   RO         3433    i.rti_end           components.o
    0x0800f3c8   0x00000004   Code   RO         3434    i.rti_start         components.o
    0x0800f3cc   0x00000028   Code   RO         6978    i.sal_get_socket    sal_socket.o
    0x0800f3f4   0x00000108   Code   RO         6985    i.sal_init          sal_socket.o
    0x0800f4fc   0x00000148   Code   RO         6933    i.sal_ip4addr_aton  sal_ipaddr.o
    0x0800f644   0x00000016   Code   RO         6936    i.sal_ipaddr_addr   sal_ipaddr.o
    0x0800f65a   0x00000002   PAD
    0x0800f65c   0x000000f8   Code   RO         6990    i.sal_proto_family_register  sal_socket.o
    0x0800f754   0x00000016   Code   RO         5451    i.serial_fops_close  serial.o
    0x0800f76a   0x0000000a   Code   RO         5452    i.serial_fops_ioctl  serial.o
    0x0800f774   0x0000006c   Code   RO         5453    i.serial_fops_open  serial.o
    0x0800f7e0   0x00000074   Code   RO         5454    i.serial_fops_poll  serial.o
    0x0800f854   0x00000038   Code   RO         5455    i.serial_fops_read  serial.o
    0x0800f88c   0x0000000e   Code   RO         5456    i.serial_fops_rx_ind  serial.o
    0x0800f89a   0x00000012   Code   RO         5457    i.serial_fops_write  serial.o
    0x0800f8ac   0x000000ac   Code   RO          497    i.stm32_pin_attach_irq  drv_gpio.o
    0x0800f958   0x00000080   Code   RO          498    i.stm32_pin_dettach_irq  drv_gpio.o
    0x0800f9d8   0x0000012c   Code   RO          499    i.stm32_pin_irq_enable  drv_gpio.o
    0x0800fb04   0x00000078   Code   RO          500    i.stm32_pin_mode    drv_gpio.o
    0x0800fb7c   0x0000002c   Code   RO          501    i.stm32_pin_read    drv_gpio.o
    0x0800fba8   0x0000002c   Code   RO          502    i.stm32_pin_write   drv_gpio.o
    0x0800fbd4   0x00000018   Code   RO         5054    i.unlink            dfs_posix.o
    0x0800fbec   0x0000000a   Code   RO         6025    i.version           cmd.o
    0x0800fbf6   0x00000002   PAD
    0x0800fbf8   0x00000044   Code   RO         5055    i.write             dfs_posix.o
    0x0800fc3c   0x00000048   Data   RO          417    .constdata          drv_usart.o
    0x0800fc84   0x00000598   Data   RO          503    .constdata          drv_gpio.o
    0x0801021c   0x00000019   Data   RO          591    .constdata          system_stm32l0xx.o
    0x08010235   0x00000008   Data   RO          592    .constdata          system_stm32l0xx.o
    0x0801023d   0x00000014   Data   RO         3436    .constdata          components.o
    0x08010251   0x000000d8   Data   RO         3507    .constdata          device.o
    0x08010329   0x00000016   Data   RO         3597    .constdata          idle.o
    0x0801033f   0x000001f7   Data   RO         3675    .constdata          ipc.o
    0x08010536   0x00000122   Data   RO         3947    .constdata          kservice.o
    0x08010658   0x00000046   Data   RO         4121    .constdata          mem.o
    0x0801069e   0x00000080   Data   RO         4255    .constdata          object.o
    0x0801071e   0x0000004e   Data   RO         4348    .constdata          scheduler.o
    0x0801076c   0x000000b9   Data   RO         4441    .constdata          thread.o
    0x08010825   0x0000005c   Data   RO         4561    .constdata          timer.o
    0x08010881   0x00000023   Data   RO         4708    .constdata          dfs.o
    0x080108a4   0x00000040   Data   RO         4967    .constdata          dfs_fs.o
    0x080108e4   0x00000024   Data   RO         5304    .constdata          devfs.o
    0x08010908   0x000000a1   Data   RO         5305    .constdata          devfs.o
    0x080109a9   0x0000007d   Data   RO         5380    .constdata          pin.o
    0x08010a26   0x00000002   PAD
    0x08010a28   0x00000170   Data   RO         5458    .constdata          serial.o
    0x08010b98   0x00000039   Data   RO         5586    .constdata          completion.o
    0x08010bd1   0x0000004b   Data   RO         5613    .constdata          dataqueue.o
    0x08010c1c   0x000000d6   Data   RO         5761    .constdata          ringbuffer.o
    0x08010cf2   0x0000000f   Data   RO         5827    .constdata          waitqueue.o
    0x08010d01   0x0000004a   Data   RO         5926    .constdata          shell.o
    0x08010d4b   0x00000001   PAD
    0x08010d4c   0x00000050   Data   RO         6026    .constdata          cmd.o
    0x08010d9c   0x0000000e   Data   RO         6153    .constdata          msh.o
    0x08010daa   0x0000000c   Data   RO         6606    .constdata          at_cli.o
    0x08010db6   0x000000d7   Data   RO         6700    .constdata          at_client.o
    0x08010e8d   0x00000068   Data   RO         6817    .constdata          at_socket.o
    0x08010ef5   0x00000011   Data   RO         6938    .constdata          sal_ipaddr.o
    0x08010f06   0x00000002   PAD
    0x08010f08   0x0000006a   Data   RO         7175    .constdata          af_inet_at.o
    0x08010f72   0x00000081   Data   RO         7375    .constdata          mc_p.l(ctype_o.o)
    0x08010ff3   0x00000001   PAD
    0x08010ff4   0x00000004   Data   RO         7376    .constdata          mc_p.l(ctype_o.o)
    0x08010ff8   0x0000008b   Data   RO         3676    .conststring        ipc.o
    0x08011083   0x00000001   PAD
    0x08011084   0x000000ed   Data   RO         4122    .conststring        mem.o
    0x08011171   0x00000003   PAD
    0x08011174   0x00000042   Data   RO         4442    .conststring        thread.o
    0x080111b6   0x00000002   PAD
    0x080111b8   0x0000000b   Data   RO         4968    .conststring        dfs_fs.o
    0x080111c3   0x00000001   PAD
    0x080111c4   0x00000006   Data   RO         5306    .conststring        devfs.o
    0x080111ca   0x00000002   PAD
    0x080111cc   0x0000015d   Data   RO         6027    .conststring        cmd.o
    0x08011329   0x00000003   PAD
    0x0801132c   0x0000008c   Data   RO         6607    .conststring        at_cli.o
    0x080113b8   0x0000023f   Data   RO         6701    .conststring        at_client.o
    0x080115f7   0x00000001   PAD
    0x080115f8   0x00000062   Data   RO         6818    .conststring        at_socket.o
    0x0801165a   0x00000015   Data   RO            4    .rodata.name        application.o
    0x0801166f   0x00000024   Data   RO            5    .rodata.name        application.o
    0x08011693   0x00000015   Data   RO            6    .rodata.name        application.o
    0x080116a8   0x00000015   Data   RO            7    .rodata.name        application.o
    0x080116bd   0x0000000c   Data   RO          307    .rodata.name        board.o
    0x080116c9   0x0000000c   Data   RO          308    .rodata.name        board.o
    0x080116d5   0x00000009   Data   RO         4124    .rodata.name        mem.o
    0x080116de   0x0000001e   Data   RO         4125    .rodata.name        mem.o
    0x080116fc   0x0000000e   Data   RO         4710    .rodata.name        dfs.o
    0x0801170a   0x00000015   Data   RO         4711    .rodata.name        dfs.o
    0x0801171f   0x00000003   Data   RO         4857    .rodata.name        dfs_file.o
    0x08011722   0x00000018   Data   RO         4858    .rodata.name        dfs_file.o
    0x0801173a   0x00000003   Data   RO         4859    .rodata.name        dfs_file.o
    0x0801173d   0x0000001c   Data   RO         4860    .rodata.name        dfs_file.o
    0x08011759   0x00000004   Data   RO         4861    .rodata.name        dfs_file.o
    0x0801175d   0x0000000b   Data   RO         4862    .rodata.name        dfs_file.o
    0x08011768   0x00000005   Data   RO         4863    .rodata.name        dfs_file.o
    0x0801176d   0x00000011   Data   RO         4864    .rodata.name        dfs_file.o
    0x0801177e   0x00000005   Data   RO         4969    .rodata.name        dfs_fs.o
    0x08011783   0x00000013   Data   RO         4970    .rodata.name        dfs_fs.o
    0x08011796   0x00000003   Data   RO         4971    .rodata.name        dfs_fs.o
    0x08011799   0x0000000e   Data   RO         4972    .rodata.name        dfs_fs.o
    0x080117a7   0x00000006   Data   RO         5056    .rodata.name        dfs_posix.o
    0x080117ad   0x00000013   Data   RO         5057    .rodata.name        dfs_posix.o
    0x080117c0   0x00000003   Data   RO         5058    .rodata.name        dfs_posix.o
    0x080117c3   0x00000021   Data   RO         5059    .rodata.name        dfs_posix.o
    0x080117e4   0x00000008   Data   RO         5381    .rodata.name        pin.o
    0x080117ec   0x00000016   Data   RO         5382    .rodata.name        pin.o
    0x08011802   0x00000009   Data   RO         5383    .rodata.name        pin.o
    0x0801180b   0x0000001c   Data   RO         5384    .rodata.name        pin.o
    0x08011827   0x00000008   Data   RO         5385    .rodata.name        pin.o
    0x0801182f   0x0000001e   Data   RO         5386    .rodata.name        pin.o
    0x0801184d   0x00000006   Data   RO         6028    .rodata.name        cmd.o
    0x08011853   0x00000010   Data   RO         6029    .rodata.name        cmd.o
    0x08011863   0x00000008   Data   RO         6030    .rodata.name        cmd.o
    0x0801186b   0x00000023   Data   RO         6031    .rodata.name        cmd.o
    0x0801188e   0x0000000e   Data   RO         6032    .rodata.name        cmd.o
    0x0801189c   0x00000023   Data   RO         6033    .rodata.name        cmd.o
    0x080118bf   0x0000000c   Data   RO         6034    .rodata.name        cmd.o
    0x080118cb   0x0000000c   Data   RO         6035    .rodata.name        cmd.o
    0x080118d7   0x00000012   Data   RO         6036    .rodata.name        cmd.o
    0x080118e9   0x0000000c   Data   RO         6037    .rodata.name        cmd.o
    0x080118f5   0x00000009   Data   RO         6038    .rodata.name        cmd.o
    0x080118fe   0x00000019   Data   RO         6039    .rodata.name        cmd.o
    0x08011917   0x0000000f   Data   RO         6040    .rodata.name        cmd.o
    0x08011926   0x00000019   Data   RO         6041    .rodata.name        cmd.o
    0x0801193f   0x0000000b   Data   RO         6042    .rodata.name        cmd.o
    0x0801194a   0x00000015   Data   RO         6043    .rodata.name        cmd.o
    0x0801195f   0x00000011   Data   RO         6044    .rodata.name        cmd.o
    0x08011970   0x00000015   Data   RO         6045    .rodata.name        cmd.o
    0x08011985   0x0000000b   Data   RO         6046    .rodata.name        cmd.o
    0x08011990   0x00000015   Data   RO         6047    .rodata.name        cmd.o
    0x080119a5   0x00000011   Data   RO         6048    .rodata.name        cmd.o
    0x080119b6   0x00000015   Data   RO         6049    .rodata.name        cmd.o
    0x080119cb   0x0000000d   Data   RO         6050    .rodata.name        cmd.o
    0x080119d8   0x00000018   Data   RO         6051    .rodata.name        cmd.o
    0x080119f0   0x00000013   Data   RO         6052    .rodata.name        cmd.o
    0x08011a03   0x00000018   Data   RO         6053    .rodata.name        cmd.o
    0x08011a1b   0x0000000e   Data   RO         6054    .rodata.name        cmd.o
    0x08011a29   0x0000001d   Data   RO         6055    .rodata.name        cmd.o
    0x08011a46   0x00000014   Data   RO         6056    .rodata.name        cmd.o
    0x08011a5a   0x0000001d   Data   RO         6057    .rodata.name        cmd.o
    0x08011a77   0x0000000d   Data   RO         6058    .rodata.name        cmd.o
    0x08011a84   0x0000001b   Data   RO         6059    .rodata.name        cmd.o
    0x08011a9f   0x00000013   Data   RO         6060    .rodata.name        cmd.o
    0x08011ab2   0x0000001b   Data   RO         6061    .rodata.name        cmd.o
    0x08011acd   0x0000000b   Data   RO         6062    .rodata.name        cmd.o
    0x08011ad8   0x00000015   Data   RO         6063    .rodata.name        cmd.o
    0x08011aed   0x00000011   Data   RO         6064    .rodata.name        cmd.o
    0x08011afe   0x00000015   Data   RO         6065    .rodata.name        cmd.o
    0x08011b13   0x0000000c   Data   RO         6066    .rodata.name        cmd.o
    0x08011b1f   0x00000016   Data   RO         6067    .rodata.name        cmd.o
    0x08011b35   0x00000012   Data   RO         6068    .rodata.name        cmd.o
    0x08011b47   0x00000016   Data   RO         6069    .rodata.name        cmd.o
    0x08011b5d   0x00000005   Data   RO         6070    .rodata.name        cmd.o
    0x08011b62   0x0000001a   Data   RO         6071    .rodata.name        cmd.o
    0x08011b7c   0x0000000b   Data   RO         6154    .rodata.name        msh.o
    0x08011b87   0x00000016   Data   RO         6155    .rodata.name        msh.o
    0x08011b9d   0x00000009   Data   RO         6204    .rodata.name        msh_cmd.o
    0x08011ba6   0x00000022   Data   RO         6205    .rodata.name        msh_cmd.o
    0x08011bc8   0x00000009   Data   RO         6206    .rodata.name        msh_cmd.o
    0x08011bd1   0x00000015   Data   RO         6207    .rodata.name        msh_cmd.o
    0x08011be6   0x00000009   Data   RO         6208    .rodata.name        msh_cmd.o
    0x08011bef   0x00000017   Data   RO         6209    .rodata.name        msh_cmd.o
    0x08011c06   0x0000000a   Data   RO         6210    .rodata.name        msh_cmd.o
    0x08011c10   0x00000014   Data   RO         6211    .rodata.name        msh_cmd.o
    0x08011c24   0x00000009   Data   RO         6212    .rodata.name        msh_cmd.o
    0x08011c2d   0x0000001c   Data   RO         6213    .rodata.name        msh_cmd.o
    0x08011c49   0x00000009   Data   RO         6214    .rodata.name        msh_cmd.o
    0x08011c52   0x00000024   Data   RO         6215    .rodata.name        msh_cmd.o
    0x08011c76   0x0000000a   Data   RO         6216    .rodata.name        msh_cmd.o
    0x08011c80   0x00000031   Data   RO         6217    .rodata.name        msh_cmd.o
    0x08011cb1   0x0000000c   Data   RO         6218    .rodata.name        msh_cmd.o
    0x08011cbd   0x00000016   Data   RO         6219    .rodata.name        msh_cmd.o
    0x08011cd3   0x0000000b   Data   RO         6220    .rodata.name        msh_cmd.o
    0x08011cde   0x0000001d   Data   RO         6221    .rodata.name        msh_cmd.o
    0x08011cfb   0x00000009   Data   RO         6222    .rodata.name        msh_cmd.o
    0x08011d04   0x0000000a   Data   RO         6223    .rodata.name        msh_cmd.o
    0x08011d0e   0x0000000b   Data   RO         6224    .rodata.name        msh_cmd.o
    0x08011d19   0x00000014   Data   RO         6225    .rodata.name        msh_cmd.o
    0x08011d2d   0x00000009   Data   RO         6226    .rodata.name        msh_cmd.o
    0x08011d36   0x0000001c   Data   RO         6227    .rodata.name        msh_cmd.o
    0x08011d52   0x0000000b   Data   RO         6228    .rodata.name        msh_cmd.o
    0x08011d5d   0x0000001b   Data   RO         6229    .rodata.name        msh_cmd.o
    0x08011d78   0x0000000b   Data   RO         6230    .rodata.name        msh_cmd.o
    0x08011d83   0x00000025   Data   RO         6231    .rodata.name        msh_cmd.o
    0x08011da8   0x00000009   Data   RO         6609    .rodata.name        at_cli.o
    0x08011db1   0x0000003a   Data   RO         6610    .rodata.name        at_cli.o
    0x08011deb   0x00000001   PAD
    0x08011dec   0x00000004   Data   RO         3437    .rti_fn.0           components.o
    0x08011df0   0x00000004   Data   RO         3438    .rti_fn.0.end       components.o
    0x08011df4   0x00000004   Data   RO          418    .rti_fn.1           drv_usart.o
    0x08011df8   0x00000004   Data   RO          505    .rti_fn.1           drv_gpio.o
    0x08011dfc   0x00000004   Data   RO         3439    .rti_fn.1.end       components.o
    0x08011e00   0x00000004   Data   RO         4712    .rti_fn.2           dfs.o
    0x08011e04   0x00000004   Data   RO         6325    .rti_fn.4           libc.o
    0x08011e08   0x00000004   Data   RO         7002    .rti_fn.4           sal_socket.o
    0x08011e0c   0x00000004   Data   RO         7176    .rti_fn.4           af_inet_at.o
    0x08011e10   0x00000004   Data   RO         5928    .rti_fn.6           shell.o
    0x08011e14   0x00000004   Data   RO         3440    .rti_fn.6.end       components.o
    0x08011e18   0x00000018   Data   RO            8    FSymTab             application.o
    0x08011e30   0x0000000c   Data   RO          309    FSymTab             board.o
    0x08011e3c   0x0000000c   Data   RO         4126    FSymTab             mem.o
    0x08011e48   0x0000000c   Data   RO         4713    FSymTab             dfs.o
    0x08011e54   0x00000030   Data   RO         4865    FSymTab             dfs_file.o
    0x08011e84   0x00000018   Data   RO         4973    FSymTab             dfs_fs.o
    0x08011e9c   0x00000018   Data   RO         5060    FSymTab             dfs_posix.o
    0x08011eb4   0x00000024   Data   RO         5387    FSymTab             pin.o
    0x08011ed8   0x00000108   Data   RO         6072    FSymTab             cmd.o
    0x08011fe0   0x0000000c   Data   RO         6156    FSymTab             msh.o
    0x08011fec   0x000000a8   Data   RO         6232    FSymTab             msh_cmd.o
    0x08012094   0x0000000c   Data   RO         6611    FSymTab             at_cli.o
    0x080120a0   0x00000000   Data   RO         7771    Region$$Table       anon$$obj.o


    Execution Region RW_IRAM1 (Base: 0x20000000, Size: 0x00001430, Max: 0x00005000, ABSOLUTE)

    Base Addr    Size         Type   Attr      Idx    E Section Name        Object

    0x20000000   0x0000000c   Data   RW          504    .data               drv_gpio.o
    0x2000000c   0x00000004   Data   RW          593    .data               system_stm32l0xx.o
    0x20000010   0x00000004   Data   RW          652    .data               stm32l0xx_hal.o
    0x20000014   0x00000004   Data   RW         3393    .data               clock.o
    0x20000018   0x0000000c   Data   RW         3881    .data               irq.o
    0x20000024   0x0000000c   Data   RW         3948    .data               kservice.o
    0x20000030   0x00000020   Data   RW         4123    .data               mem.o
    0x20000050   0x000000a4   Data   RW         4256    .data               object.o
    0x200000f4   0x00000018   Data   RW         4349    .data               scheduler.o
    0x2000010c   0x0000000c   Data   RW         4443    .data               thread.o
    0x20000118   0x00000010   Data   RW         4562    .data               timer.o
    0x20000128   0x00000004   Data   RW         4636    .data               cpuport.o
    0x2000012c   0x00000004   Data   RW         4637    .data               cpuport.o
    0x20000130   0x00000004   Data   RW         4638    .data               cpuport.o
    0x20000134   0x00000114   Data   RW         4709    .data               dfs.o
    0x20000248   0x00000008   Data   RW         5927    .data               shell.o
    0x20000250   0x00000004   Data   RW         5994    .data               symbol.o
    0x20000254   0x00000004   Data   RW         5995    .data               symbol.o
    0x20000258   0x00000004   Data   RW         6379    .data               stdio.o
    0x2000025c   0x00000010   Data   RW         6608    .data               at_cli.o
    0x2000026c   0x00000004   Data   RW         6654    .data               at_utils.o
    0x20000270   0x00000004   Data   RW         6702    .data               at_client.o
    0x20000274   0x00000014   Data   RW         6819    .data               at_socket.o
    0x20000288   0x0000000c   Data   RW         7001    .data               sal_socket.o
    0x20000294   0x00000004   Data   RW         7363    .data               mc_p.l(stdin.o)
    0x20000298   0x00000004   Data   RW         7715    .data               mc_p.l(errno.o)
    0x2000029c   0x00000438   Zero   RW          416    .bss                drv_usart.o
    0x200006d4   0x00000190   Zero   RW         3596    .bss                idle.o
    0x20000864   0x00000080   Zero   RW         3946    .bss                kservice.o
    0x200008e4   0x00000020   Zero   RW         4120    .bss                mem.o
    0x20000904   0x00000100   Zero   RW         4347    .bss                scheduler.o
    0x20000a04   0x00000044   Zero   RW         4707    .bss                dfs.o
    0x20000a48   0x00000124   Zero   RW         4856    .bss                dfs_file.o
    0x20000b6c   0x00000054   Zero   RW         5379    .bss                pin.o
    0x20000bc0   0x00000081   Zero   RW         5925    .bss                shell.o
    0x20000c41   0x00000003   PAD
    0x20000c44   0x00000040   Zero   RW         6605    .bss                at_cli.o
    0x20000c84   0x00000080   Zero   RW         6653    .bss                at_utils.o
    0x20000d04   0x00000034   Zero   RW         6699    .bss                at_client.o
    0x20000d38   0x00000241   Zero   RW         6816    .bss                at_socket.o
    0x20000f79   0x00000003   PAD
    0x20000f7c   0x000000b4   Zero   RW         6999    .bss                sal_socket.o
    0x20001030   0x00000400   Zero   RW         3381    STACK               startup_stm32l071xx.o

